{
  "scale": 10000,
  "seeds": [
    500,
    501,
    502
  ],
  "objective": "average_precision",
  "alloc": "back-loaded",
  "triage_prior_weight": 0.0,
  "question_frac": 0.55,
  "mr_budget": 2500,
  "ct_kernel_ko_cap": 0,
  "flat_budget": 1000000
}

hier grid (top 6 by objective):
   {'triage_prior_weight': 0.0, 'question_frac': 0.55, 'average_precision': 0.02981, 'recall_at_100': 0.1, 'found': 0.3833, 'cu': 1484126.4800000002}
   {'triage_prior_weight': 1.2, 'question_frac': 0.25, 'average_precision': 0.0293, 'recall_at_100': 0.125, 'found': 0.4167, 'cu': 1115120.7766666666}
   {'triage_prior_weight': 0.0, 'question_frac': 0.25, 'average_precision': 0.02752, 'recall_at_100': 0.1417, 'found': 0.4167, 'cu': 1115120.7766666666}
   {'triage_prior_weight': 1.2, 'question_frac': 0.55, 'average_precision': 0.02648, 'recall_at_100': 0.1333, 'found': 0.3833, 'cu': 1484126.4800000002}
   {'triage_prior_weight': 2.0, 'question_frac': 0.25, 'average_precision': 0.02637, 'recall_at_100': 0.1083, 'found': 0.4167, 'cu': 1115120.7766666666}
   {'triage_prior_weight': 4.0, 'question_frac': 0.55, 'average_precision': 0.02543, 'recall_at_100': 0.1083, 'found': 0.3833, 'cu': 1484126.4800000002}

central-triage grid:
   {'kernel_ko_cap': 0, 'average_precision': 0.02135, 'found': 0.3417, 'cu': 433282.09}
   {'kernel_ko_cap': 2000, 'average_precision': 0.01474, 'found': 0.1, 'cu': 178815.68999999997}
   {'kernel_ko_cap': 6000, 'average_precision': 0.01383, 'found': 0.3, 'cu': 238293.02333333332}
   {'kernel_ko_cap': 20000, 'average_precision': 0.01531, 'found': 0.35, 'cu': 397183.68999999994}
   {'kernel_ko_cap': 60000, 'average_precision': 0.02135, 'found': 0.3417, 'cu': 433282.09}

map-reduce grid:
   {'kernel_ko_budget': 300, 'average_precision': 0.0146, 'found': 0.0333, 'cu': 149985.68999999997}
   {'kernel_ko_budget': 900, 'average_precision': 0.01734, 'found': 0.1, 'cu': 163009.68999999997}
   {'kernel_ko_budget': 2500, 'average_precision': 0.01926, 'found': 0.2583, 'cu': 198935.02333333332}
   {'kernel_ko_budget': 8000, 'average_precision': 0.00833, 'found': 0.225, 'cu': 265543.0233333333}

flat-rag grid:
   {'token_budget': 60000, 'average_precision': 0.00658, 'found': 0.125, 'cu': 83392.0}
   {'token_budget': 120000, 'average_precision': 0.03167, 'found': 0.3, 'cu': 164554.66666666666}
   {'token_budget': 400000, 'average_precision': 0.05311, 'found': 0.55, 'cu': 458409.5999999999}
   {'token_budget': 1000000, 'average_precision': 0.06601, 'found': 0.6833, 'cu': 1088894.9333333333}

calibration took 361s
ct_kernel_ko_cap = 0
   {'kernel_ko_cap': 0, 'average_precision': 0.02135, 'found': 0.3417, 'cu': 433282.09}
   {'kernel_ko_cap': 2000, 'average_precision': 0.01474, 'found': 0.1, 'cu': 178815.68999999997}
   {'kernel_ko_cap': 6000, 'average_precision': 0.01383, 'found': 0.3, 'cu': 238293.02333333332}
   {'kernel_ko_cap': 20000, 'average_precision': 0.01531, 'found': 0.35, 'cu': 397183.68999999994}
   {'kernel_ko_cap': 60000, 'average_precision': 0.02135, 'found': 0.3417, 'cu': 433282.09}
