  seed 0 H_mycelic_full           found=0.390 AP=0.0066 cov=0.480 rare=0.267 cu=3.01e+06 (35s)
  seed 0 H_mycelic_full           found=0.410 AP=0.0063 cov=0.810 rare=0.289 cu=6.39e+06 (38s)
  seed 1 H_mycelic_full           found=0.310 AP=0.0091 cov=0.380 rare=0.154 cu=2.94e+06 (28s)
  seed 1 H_mycelic_full           found=0.400 AP=0.0107 cov=0.750 rare=0.205 cu=6.10e+06 (37s)
  seed 2 H_mycelic_full           found=0.390 AP=0.0087 cov=0.490 rare=0.286 cu=2.96e+06 (26s)
  seed 2 H_mycelic_full           found=0.410 AP=0.0086 cov=0.800 rare=0.250 cu=6.33e+06 (38s)

**H_mycelic_full+diag50_qf1 vs H_mycelic_full** — 3 paired seeds

| metric | base | variant | Δ | 95% CI | better on | sign p | verdict |
|---|---:|---:|---:|---|---:|---:|---|
| found | 0.3633 | 0.4067 | +0.0433 | [+0.0200, +0.0900] | 3/3 | 0.250 | **better** |
| AP | 0.0081 | 0.0085 | +0.0004 | [-0.0003, +0.0016] | 1/3 | 1.000 | inside noise |
| R@100 | 0.0167 | 0.0333 | +0.0167 | [+0.0100, +0.0200] | 3/3 | 0.250 | **better** |
| rare recall | 0.2354 | 0.2480 | +0.0126 | [-0.0357, +0.0513] | 2/3 | 1.000 | inside noise |
| evidence cov. | 0.4500 | 0.7867 | +0.3367 | [+0.3100, +0.3700] | 3/3 | 0.250 | **better** |
| FDR | 0.9874 | 0.9864 | -0.0010 | [-0.0026, -0.0002] | 3/3 | 0.250 | **better** |
| decoy acc. | 0.1967 | 0.2200 | +0.0233 | [-0.0100, +0.0500] | 1/3 | 1.000 | inside noise |
| indep. acc. | 0.7552 | 0.7659 | +0.0107 | [-0.0277, +0.0391] | 2/3 | 1.000 | inside noise |
| lineage | 0.5149 | 0.5137 | -0.0011 | [-0.0056, +0.0021] | 1/2 | 1.000 | inside noise |
| contra F1 | 0.2778 | 0.2032 | -0.0746 | [-0.2095, +0.1190] | 1/3 | 1.000 | inside noise |
| compute | 2.97e+06 | 6.27e+06 | +3.30e+06 | [+3.16e+06, +3.38e+06] | 0/3 | 0.250 | **worse** |
| calls | 2.89e+05 | 6.99e+05 | +4.09e+05 | [+3.94e+05, +4.18e+05] | 0/3 | 0.250 | **worse** |
| raw text out | 0.0000 | 0.0000 | +0.0000 | [+0.0000, +0.0000] | 0/0 | 1.000 | same |
| claims out | 0.1386 | 0.1386 | +0.0000 | [+0.0000, +0.0000] | 0/0 | 1.000 | same |
  seed 0 H_mycelic_full           found=0.390 AP=0.0066 cov=0.480 rare=0.267 cu=3.01e+06 (26s)
  seed 0 H_mycelic_full           found=0.670 AP=0.0093 cov=0.810 rare=0.556 cu=6.94e+06 (36s)
  seed 1 H_mycelic_full           found=0.310 AP=0.0091 cov=0.380 rare=0.154 cu=2.94e+06 (26s)
  seed 1 H_mycelic_full           found=0.590 AP=0.0124 cov=0.750 rare=0.231 cu=6.64e+06 (38s)
  seed 2 H_mycelic_full           found=0.390 AP=0.0087 cov=0.490 rare=0.286 cu=2.96e+06 (25s)
  seed 2 H_mycelic_full           found=0.670 AP=0.0118 cov=0.800 rare=0.464 cu=6.90e+06 (37s)

**H_mycelic_full+diag50_both vs H_mycelic_full** — 3 paired seeds

| metric | base | variant | Δ | 95% CI | better on | sign p | verdict |
|---|---:|---:|---:|---|---:|---:|---|
| found | 0.3633 | 0.6433 | +0.2800 | [+0.2800, +0.2800] | 3/3 | 0.250 | **better** |
| AP | 0.0081 | 0.0112 | +0.0030 | [+0.0027, +0.0034] | 3/3 | 0.250 | **better** |
| R@100 | 0.0167 | 0.0333 | +0.0167 | [+0.0100, +0.0200] | 3/3 | 0.250 | **better** |
| rare recall | 0.2354 | 0.4169 | +0.1815 | [+0.0769, +0.2889] | 3/3 | 0.250 | **better** |
| evidence cov. | 0.4500 | 0.7867 | +0.3367 | [+0.3100, +0.3700] | 3/3 | 0.250 | **better** |
| FDR | 0.9874 | 0.9930 | +0.0056 | [+0.0044, +0.0062] | 0/3 | 0.250 | **worse** |
| decoy acc. | 0.1967 | 0.4333 | +0.2367 | [+0.2200, +0.2500] | 0/3 | 0.250 | **worse** |
| indep. acc. | 0.7552 | 0.7564 | +0.0012 | [-0.0236, +0.0293] | 1/3 | 1.000 | inside noise |
| lineage | 0.5149 | 0.5263 | +0.0114 | [+0.0017, +0.0245] | 3/3 | 0.250 | **better** |
| contra F1 | 0.2778 | 0.1812 | -0.0966 | [-0.2065, +0.0833] | 1/3 | 1.000 | inside noise |
| compute | 2.97e+06 | 6.83e+06 | +3.86e+06 | [+3.70e+06, +3.94e+06] | 0/3 | 0.250 | **worse** |
| calls | 2.89e+05 | 6.99e+05 | +4.09e+05 | [+3.94e+05, +4.18e+05] | 0/3 | 0.250 | **worse** |
| raw text out | 0.0000 | 0.0000 | +0.0000 | [+0.0000, +0.0000] | 0/0 | 1.000 | same |
| claims out | 0.1386 | 0.1386 | +0.0000 | [+0.0000, +0.0000] | 0/0 | 1.000 | same |
  seed 0 H_mycelic_full           found=0.390 AP=0.0066 cov=0.480 rare=0.267 cu=3.01e+06 (26s)
  seed 0 H_mycelic_full           found=0.390 AP=0.0066 cov=0.480 rare=0.267 cu=3.02e+06 (21s)
  seed 1 H_mycelic_full           found=0.310 AP=0.0091 cov=0.380 rare=0.154 cu=2.94e+06 (26s)
  seed 1 H_mycelic_full           found=0.310 AP=0.0091 cov=0.380 rare=0.154 cu=2.95e+06 (22s)
  seed 2 H_mycelic_full           found=0.390 AP=0.0087 cov=0.490 rare=0.286 cu=2.96e+06 (26s)
  seed 2 H_mycelic_full           found=0.390 AP=0.0087 cov=0.490 rare=0.286 cu=2.97e+06 (24s)

**H_mycelic_full+diag50_reg vs H_mycelic_full** — 3 paired seeds

| metric | base | variant | Δ | 95% CI | better on | sign p | verdict |
|---|---:|---:|---:|---|---:|---:|---|
| found | 0.3633 | 0.3633 | +0.0000 | [+0.0000, +0.0000] | 0/0 | 1.000 | same |
| AP | 0.0081 | 0.0081 | +0.0000 | [+0.0000, +0.0000] | 0/0 | 1.000 | same |
| R@100 | 0.0167 | 0.0167 | +0.0000 | [+0.0000, +0.0000] | 0/0 | 1.000 | same |
| rare recall | 0.2354 | 0.2354 | +0.0000 | [+0.0000, +0.0000] | 0/0 | 1.000 | same |
| evidence cov. | 0.4500 | 0.4500 | +0.0000 | [+0.0000, +0.0000] | 0/0 | 1.000 | same |
| FDR | 0.9874 | 0.9874 | +0.0000 | [+0.0000, +0.0000] | 0/0 | 1.000 | same |
| decoy acc. | 0.1967 | 0.1967 | +0.0000 | [+0.0000, +0.0000] | 0/0 | 1.000 | same |
| indep. acc. | 0.7552 | 0.7552 | +0.0000 | [+0.0000, +0.0000] | 0/0 | 1.000 | same |
| lineage | 0.5149 | 0.5149 | +0.0000 | [+0.0000, +0.0000] | 0/0 | 1.000 | same |
| contra F1 | 0.2778 | 0.2778 | +0.0000 | [+0.0000, +0.0000] | 0/0 | 1.000 | same |
| compute | 2.97e+06 | 2.98e+06 | +1.15e+04 | [+7.84e+03, +1.44e+04] | 0/3 | 0.250 | **worse** |
| calls | 2.89e+05 | 2.89e+05 | +0.00e+00 | [+0.00e+00, +0.00e+00] | 0/0 | 1.000 | same |
| raw text out | 0.0000 | 0.0000 | +0.0000 | [+0.0000, +0.0000] | 0/0 | 1.000 | same |
| claims out | 0.1386 | 0.1386 | +0.0000 | [+0.0000, +0.0000] | 0/0 | 1.000 | same |
DIAG50_DONE
