=== e1 ===
    2000/0 A_flat_rag           AP=0.1344 found=0.88 R@100=0.450 cu=4.87e+05
    2000/0 B_long_context       AP=0.1727 found=0.85 R@100=0.575 cu=1.10e+06
    2000/0 B2_map_reduce        AP=0.1545 found=0.55 R@100=0.425 cu=4.90e+04
    2000/0 C_recursive_sum      AP=0.0100 found=0.05 R@100=0.050 cu=4.10e+04
    2000/0 D_hier_nolineage     AP=0.0115 found=0.10 R@100=0.100 cu=5.37e+04
    2000/0 E_hier_lineage       AP=0.0367 found=0.15 R@100=0.150 cu=6.62e+04
    2000/0 F_hier_retrieval     AP=0.0618 found=0.20 R@100=0.200 cu=2.06e+05
    2000/0 G_hier_questions     AP=0.0992 found=0.80 R@100=0.300 cu=8.50e+05
    2000/0 H_mycelic_full       AP=0.0783 found=0.90 R@100=0.325 cu=8.80e+05
    2000/0 Y_oracle_retrieval   AP=0.0855 found=0.88 R@100=0.150 cu=1.69e+05
    2000/0 Z_random_rank        AP=0.0939 found=0.55 R@100=0.350 cu=4.90e+04
    2000/1 A_flat_rag           AP=0.2413 found=0.75 R@100=0.550 cu=4.92e+05
    2000/1 B_long_context       AP=0.2097 found=0.82 R@100=0.475 cu=1.09e+06
    2000/1 B2_map_reduce        AP=0.1137 found=0.53 R@100=0.425 cu=5.03e+04
    2000/1 C_recursive_sum      AP=0.0031 found=0.03 R@100=0.025 cu=4.34e+04
    2000/1 D_hier_nolineage     AP=0.0538 found=0.17 R@100=0.175 cu=6.00e+04
    2000/1 E_hier_lineage       AP=0.0142 found=0.10 R@100=0.100 cu=7.44e+04
    2000/1 F_hier_retrieval     AP=0.0270 found=0.17 R@100=0.125 cu=2.22e+05
    2000/1 G_hier_questions     AP=0.1026 found=0.80 R@100=0.250 cu=8.77e+05
    2000/1 H_mycelic_full       AP=0.0729 found=0.90 R@100=0.275 cu=8.91e+05
    2000/1 Y_oracle_retrieval   AP=0.0837 found=0.85 R@100=0.225 cu=1.68e+05
    2000/1 Z_random_rank        AP=0.0562 found=0.53 R@100=0.300 cu=5.03e+04
    2000/2 A_flat_rag           AP=0.2111 found=0.80 R@100=0.450 cu=4.82e+05
    2000/2 B_long_context       AP=0.1941 found=0.80 R@100=0.425 cu=1.10e+06
    2000/2 B2_map_reduce        AP=0.1426 found=0.47 R@100=0.375 cu=4.91e+04
    2000/2 C_recursive_sum      AP=0.0710 found=0.12 R@100=0.125 cu=4.25e+04
    2000/2 D_hier_nolineage     AP=0.0158 found=0.10 R@100=0.100 cu=5.74e+04
    2000/2 E_hier_lineage       AP=0.0288 found=0.15 R@100=0.150 cu=7.20e+04
    2000/2 F_hier_retrieval     AP=0.1031 found=0.28 R@100=0.225 cu=2.00e+05
    2000/2 G_hier_questions     AP=0.1113 found=0.82 R@100=0.350 cu=8.41e+05
    2000/2 H_mycelic_full       AP=0.2249 found=0.85 R@100=0.400 cu=8.64e+05
    2000/2 Y_oracle_retrieval   AP=0.0684 found=0.88 R@100=0.175 cu=1.68e+05
    2000/2 Z_random_rank        AP=0.0510 found=0.47 R@100=0.275 cu=4.91e+04
    2000/3 A_flat_rag           AP=0.2040 found=0.85 R@100=0.525 cu=4.83e+05
    2000/3 B_long_context       AP=0.2698 found=0.85 R@100=0.475 cu=1.10e+06
    2000/3 B2_map_reduce        AP=0.1937 found=0.40 R@100=0.375 cu=4.98e+04
    2000/3 C_recursive_sum      AP=0.0164 found=0.10 R@100=0.100 cu=4.23e+04
    2000/3 D_hier_nolineage     AP=0.0167 found=0.12 R@100=0.125 cu=5.56e+04
    2000/3 E_hier_lineage       AP=0.0207 found=0.15 R@100=0.150 cu=6.84e+04
    2000/3 F_hier_retrieval     AP=0.0867 found=0.23 R@100=0.200 cu=2.04e+05
    2000/3 G_hier_questions     AP=0.1635 found=0.78 R@100=0.325 cu=8.34e+05
    2000/3 H_mycelic_full       AP=0.1125 found=0.82 R@100=0.275 cu=8.62e+05
    2000/3 Y_oracle_retrieval   AP=0.0592 found=0.78 R@100=0.175 cu=1.69e+05
    2000/3 Z_random_rank        AP=0.0638 found=0.40 R@100=0.250 cu=4.98e+04
    2000/4 A_flat_rag           AP=0.2145 found=0.85 R@100=0.575 cu=4.78e+05
    2000/4 B_long_context       AP=0.1740 found=0.85 R@100=0.475 cu=1.10e+06
    2000/4 B2_map_reduce        AP=0.0154 found=0.20 R@100=0.175 cu=4.87e+04
    2000/4 C_recursive_sum      AP=0.0083 found=0.03 R@100=0.025 cu=3.92e+04
    2000/4 D_hier_nolineage     AP=0.0006 found=0.03 R@100=0.025 cu=4.88e+04
    2000/4 E_hier_lineage       AP=0.0034 found=0.05 R@100=0.050 cu=5.91e+04
    2000/4 F_hier_retrieval     AP=0.0318 found=0.12 R@100=0.100 cu=1.96e+05
    2000/4 G_hier_questions     AP=0.1291 found=0.68 R@100=0.250 cu=7.93e+05
    2000/4 H_mycelic_full       AP=0.0533 found=0.68 R@100=0.200 cu=7.97e+05
    2000/4 Y_oracle_retrieval   AP=0.0329 found=0.75 R@100=0.125 cu=1.69e+05
    2000/4 Z_random_rank        AP=0.0216 found=0.20 R@100=0.150 cu=4.87e+04
   10000/0 A_flat_rag           AP=0.0606 found=0.78 R@100=0.200 cu=1.11e+06
   10000/0 B_long_context       AP=0.0284 found=0.45 R@100=0.175 cu=1.11e+06
   10000/0 B2_map_reduce        AP=0.0867 found=0.17 R@100=0.175 cu=1.66e+05
   10000/0 C_recursive_sum      AP=0.0000 found=0.00 R@100=0.000 cu=1.68e+05
   10000/0 D_hier_nolineage     AP=0.0000 found=0.00 R@100=0.000 cu=1.95e+05
   10000/0 E_hier_lineage       AP=0.0000 found=0.00 R@100=0.000 cu=2.24e+05
   10000/0 F_hier_retrieval     AP=0.0822 found=0.10 R@100=0.075 cu=3.57e+05
   10000/0 G_hier_questions     AP=0.0374 found=0.55 R@100=0.250 cu=1.06e+06
   10000/0 H_mycelic_full       AP=0.0233 found=0.57 R@100=0.150 cu=1.07e+06
   10000/0 Y_oracle_retrieval   AP=0.0047 found=0.30 R@100=0.025 cu=5.14e+05
   10000/0 Z_random_rank        AP=0.0094 found=0.17 R@100=0.075 cu=1.66e+05
   10000/1 A_flat_rag           AP=0.1218 found=0.68 R@100=0.325 cu=1.11e+06
   10000/1 B_long_context       AP=0.0410 found=0.50 R@100=0.125 cu=1.11e+06
   10000/1 B2_map_reduce        AP=0.0124 found=0.10 R@100=0.075 cu=1.64e+05
   10000/1 C_recursive_sum      AP=0.0000 found=0.00 R@100=0.000 cu=1.68e+05
   10000/1 D_hier_nolineage     AP=0.0000 found=0.00 R@100=0.000 cu=1.94e+05
   10000/1 E_hier_lineage       AP=0.0030 found=0.05 R@100=0.050 cu=2.23e+05
   10000/1 F_hier_retrieval     AP=0.0129 found=0.12 R@100=0.075 cu=3.72e+05
   10000/1 G_hier_questions     AP=0.0589 found=0.55 R@100=0.225 cu=1.11e+06
   10000/1 H_mycelic_full       AP=0.0825 found=0.45 R@100=0.175 cu=1.09e+06
   10000/1 Y_oracle_retrieval   AP=0.0106 found=0.30 R@100=0.050 cu=5.13e+05
   10000/1 Z_random_rank        AP=0.0019 found=0.10 R@100=0.025 cu=1.64e+05
   10000/2 A_flat_rag           AP=0.0567 found=0.75 R@100=0.150 cu=1.11e+06
   10000/2 B_long_context       AP=0.0159 found=0.45 R@100=0.100 cu=1.11e+06
   10000/2 B2_map_reduce        AP=0.0390 found=0.12 R@100=0.100 cu=1.64e+05
   10000/2 C_recursive_sum      AP=0.0000 found=0.00 R@100=0.000 cu=1.68e+05
   10000/2 D_hier_nolineage     AP=0.0005 found=0.03 R@100=0.025 cu=1.98e+05
   10000/2 E_hier_lineage       AP=0.0093 found=0.05 R@100=0.050 cu=2.29e+05
   10000/2 F_hier_retrieval     AP=0.0084 found=0.07 R@100=0.050 cu=3.80e+05
   10000/2 G_hier_questions     AP=0.0202 found=0.45 R@100=0.125 cu=1.16e+06
   10000/2 H_mycelic_full       AP=0.0248 found=0.47 R@100=0.150 cu=1.16e+06
   10000/2 Y_oracle_retrieval   AP=0.0034 found=0.30 R@100=0.025 cu=5.12e+05
   10000/2 Z_random_rank        AP=0.0061 found=0.12 R@100=0.100 cu=1.64e+05
   10000/3 A_flat_rag           AP=0.0778 found=0.75 R@100=0.275 cu=1.11e+06
   10000/3 B_long_context       AP=0.0805 found=0.50 R@100=0.225 cu=1.11e+06
   10000/3 B2_map_reduce        AP=0.0161 found=0.10 R@100=0.100 cu=1.64e+05
   10000/3 C_recursive_sum      AP=0.0000 found=0.00 R@100=0.000 cu=1.70e+05
   10000/3 D_hier_nolineage     AP=0.0007 found=0.03 R@100=0.025 cu=1.99e+05
   10000/3 E_hier_lineage       AP=0.0010 found=0.05 R@100=0.050 cu=2.31e+05
   10000/3 F_hier_retrieval     AP=0.0021 found=0.07 R@100=0.025 cu=3.85e+05
   10000/3 G_hier_questions     AP=0.1568 found=0.72 R@100=0.375 cu=1.18e+06
   10000/3 H_mycelic_full       AP=0.0814 found=0.68 R@100=0.250 cu=1.19e+06
   10000/3 Y_oracle_retrieval   AP=0.0147 found=0.45 R@100=0.100 cu=5.13e+05
   10000/3 Z_random_rank        AP=0.0031 found=0.10 R@100=0.050 cu=1.64e+05
   10000/4 A_flat_rag           AP=0.0538 found=0.72 R@100=0.200 cu=1.11e+06
   10000/4 B_long_context       AP=0.0174 found=0.45 R@100=0.075 cu=1.11e+06
   10000/4 B2_map_reduce        AP=0.0057 found=0.07 R@100=0.075 cu=1.64e+05
   10000/4 C_recursive_sum      AP=0.0000 found=0.00 R@100=0.000 cu=1.66e+05
   10000/4 D_hier_nolineage     AP=0.0050 found=0.03 R@100=0.025 cu=1.93e+05
   10000/4 E_hier_lineage       AP=0.0000 found=0.00 R@100=0.000 cu=2.22e+05
   10000/4 F_hier_retrieval     AP=0.0036 found=0.03 R@100=0.025 cu=3.52e+05
   10000/4 G_hier_questions     AP=0.0518 found=0.53 R@100=0.125 cu=1.03e+06
   10000/4 H_mycelic_full       AP=0.0215 found=0.55 R@100=0.100 cu=1.03e+06
   10000/4 Y_oracle_retrieval   AP=0.0104 found=0.40 R@100=0.075 cu=5.12e+05
   10000/4 Z_random_rank        AP=0.0061 found=0.07 R@100=0.025 cu=1.64e+05
   50000/0 A_flat_rag           AP=0.0050 found=0.18 R@100=0.020 cu=1.11e+06
   50000/0 B_long_context       AP=0.0012 found=0.07 R@100=0.020 cu=1.11e+06
   50000/0 B2_map_reduce        AP=0.0003 found=0.02 R@100=0.010 cu=7.41e+05
   50000/0 C_recursive_sum      AP=0.0000 found=0.00 R@100=0.000 cu=8.07e+05
