=== e1c ===
    2000/5 A_flat_rag           AP=0.1293 found=0.82 R@100=0.425 cu=4.80e+05
    2000/5 B_long_context       AP=0.1090 found=0.80 R@100=0.325 cu=1.09e+06
    2000/5 B2_map_reduce        AP=0.0727 found=0.62 R@100=0.175 cu=8.12e+04
    2000/5 A2_chunked_ctx       AP=0.1708 found=0.88 R@100=0.400 cu=5.21e+05
    2000/5 B4_central_triage    AP=0.0795 found=0.68 R@100=0.225 cu=1.35e+05
    2000/5 C_recursive_sum      AP=0.0018 found=0.05 R@100=0.050 cu=4.42e+04
    2000/5 D_hier_nolineage     AP=0.0058 found=0.07 R@100=0.075 cu=5.89e+04
    2000/5 E_hier_lineage       AP=0.0082 found=0.07 R@100=0.075 cu=7.28e+04
    2000/5 F_hier_retrieval     AP=0.0244 found=0.25 R@100=0.200 cu=2.23e+05
    2000/5 G_hier_questions     AP=0.0412 found=0.62 R@100=0.225 cu=8.94e+05
    2000/5 H_mycelic_full       AP=0.0424 found=0.57 R@100=0.175 cu=8.85e+05
    2000/5 I_mycelic_completion AP=0.0510 found=0.68 R@100=0.200 cu=1.52e+06
    2000/5 J_mycelic_verified   AP=0.0569 found=0.57 R@100=0.225 cu=8.95e+05
    2000/5 Y_oracle_retrieval   AP=0.0376 found=0.68 R@100=0.125 cu=1.45e+05
    2000/5 Z_random_rank        AP=0.0400 found=0.62 R@100=0.175 cu=8.12e+04
    2000/5 Z2_naive_enumerate   AP=0.0045 found=0.07 R@100=0.075 cu=4.07e+04
    2000/6 A_flat_rag           AP=0.1820 found=0.82 R@100=0.450 cu=4.59e+05
    2000/6 B_long_context       AP=0.1124 found=0.78 R@100=0.450 cu=1.09e+06
    2000/6 B2_map_reduce        AP=0.0598 found=0.50 R@100=0.200 cu=7.74e+04
    2000/6 A2_chunked_ctx       AP=0.2263 found=0.85 R@100=0.500 cu=4.98e+05
    2000/6 B4_central_triage    AP=0.0837 found=0.65 R@100=0.225 cu=1.33e+05
    2000/6 C_recursive_sum      AP=0.0000 found=0.00 R@100=0.000 cu=4.14e+04
    2000/6 D_hier_nolineage     AP=0.0042 found=0.10 R@100=0.100 cu=5.79e+04
    2000/6 E_hier_lineage       AP=0.0098 found=0.12 R@100=0.125 cu=7.12e+04
    2000/6 F_hier_retrieval     AP=0.0170 found=0.12 R@100=0.075 cu=2.04e+05
    2000/6 G_hier_questions     AP=0.0390 found=0.65 R@100=0.175 cu=7.93e+05
    2000/6 H_mycelic_full       AP=0.0701 found=0.70 R@100=0.225 cu=8.45e+05
    2000/6 I_mycelic_completion AP=0.0683 found=0.65 R@100=0.225 cu=1.44e+06
    2000/6 J_mycelic_verified   AP=0.1105 found=0.70 R@100=0.275 cu=8.55e+05
    2000/6 Y_oracle_retrieval   AP=0.0280 found=0.62 R@100=0.125 cu=1.43e+05
    2000/6 Z_random_rank        AP=0.0356 found=0.50 R@100=0.075 cu=7.74e+04
    2000/6 Z2_naive_enumerate   AP=0.0341 found=0.17 R@100=0.125 cu=3.94e+04
    2000/7 A_flat_rag           AP=0.2166 found=0.82 R@100=0.575 cu=4.75e+05
    2000/7 B_long_context       AP=0.1702 found=0.80 R@100=0.450 cu=1.09e+06
    2000/7 B2_map_reduce        AP=0.0797 found=0.55 R@100=0.200 cu=8.02e+04
    2000/7 A2_chunked_ctx       AP=0.1843 found=0.82 R@100=0.600 cu=5.13e+05
    2000/7 B4_central_triage    AP=0.0942 found=0.72 R@100=0.225 cu=1.33e+05
    2000/7 C_recursive_sum      AP=0.0042 found=0.03 R@100=0.025 cu=4.25e+04
    2000/7 D_hier_nolineage     AP=0.0049 found=0.05 R@100=0.050 cu=5.59e+04
    2000/7 E_hier_lineage       AP=0.0000 found=0.00 R@100=0.000 cu=6.80e+04
    2000/7 F_hier_retrieval     AP=0.0255 found=0.05 R@100=0.025 cu=2.10e+05
    2000/7 G_hier_questions     AP=0.0643 found=0.65 R@100=0.200 cu=8.12e+05
    2000/7 H_mycelic_full       AP=0.0638 found=0.75 R@100=0.175 cu=8.20e+05
    2000/7 I_mycelic_completion AP=0.1206 found=0.78 R@100=0.375 cu=1.39e+06
    2000/7 J_mycelic_verified   AP=0.0970 found=0.75 R@100=0.250 cu=8.30e+05
    2000/7 Y_oracle_retrieval   AP=0.0502 found=0.68 R@100=0.225 cu=1.43e+05
    2000/7 Z_random_rank        AP=0.0447 found=0.55 R@100=0.150 cu=8.02e+04
    2000/7 Z2_naive_enumerate   AP=0.0020 found=0.10 R@100=0.000 cu=4.00e+04
    2000/8 A_flat_rag           AP=0.2105 found=0.97 R@100=0.525 cu=4.73e+05
    2000/8 B_long_context       AP=0.1210 found=0.82 R@100=0.475 cu=1.09e+06
    2000/8 B2_map_reduce        AP=0.0806 found=0.60 R@100=0.250 cu=8.07e+04
    2000/8 A2_chunked_ctx       AP=0.2181 found=0.95 R@100=0.550 cu=5.13e+05
    2000/8 B4_central_triage    AP=0.0727 found=0.72 R@100=0.225 cu=1.34e+05
    2000/8 C_recursive_sum      AP=0.0007 found=0.03 R@100=0.025 cu=4.32e+04
    2000/8 D_hier_nolineage     AP=0.0018 found=0.05 R@100=0.050 cu=5.85e+04
    2000/8 E_hier_lineage       AP=0.0010 found=0.05 R@100=0.050 cu=7.19e+04
    2000/8 F_hier_retrieval     AP=0.0178 found=0.17 R@100=0.125 cu=2.25e+05
    2000/8 G_hier_questions     AP=0.0757 found=0.80 R@100=0.200 cu=8.89e+05
    2000/8 H_mycelic_full       AP=0.0756 found=0.82 R@100=0.250 cu=8.79e+05
    2000/8 I_mycelic_completion AP=0.0842 found=0.72 R@100=0.225 cu=1.50e+06
    2000/8 J_mycelic_verified   AP=0.1027 found=0.82 R@100=0.250 cu=8.90e+05
    2000/8 Y_oracle_retrieval   AP=0.0467 found=0.62 R@100=0.175 cu=1.44e+05
    2000/8 Z_random_rank        AP=0.0423 found=0.60 R@100=0.150 cu=8.07e+04
    2000/8 Z2_naive_enumerate   AP=0.0048 found=0.10 R@100=0.075 cu=4.03e+04
    2000/9 A_flat_rag           AP=0.2783 found=0.85 R@100=0.500 cu=4.70e+05
    2000/9 B_long_context       AP=0.2135 found=0.85 R@100=0.450 cu=1.09e+06
    2000/9 B2_map_reduce        AP=0.0531 found=0.57 R@100=0.250 cu=7.98e+04
    2000/9 A2_chunked_ctx       AP=0.2566 found=0.90 R@100=0.475 cu=5.12e+05
    2000/9 B4_central_triage    AP=0.0928 found=0.78 R@100=0.275 cu=1.34e+05
    2000/9 C_recursive_sum      AP=0.0161 found=0.07 R@100=0.075 cu=4.07e+04
    2000/9 D_hier_nolineage     AP=0.0069 found=0.07 R@100=0.075 cu=5.21e+04
    2000/9 E_hier_lineage       AP=0.0019 found=0.03 R@100=0.025 cu=6.39e+04
    2000/9 F_hier_retrieval     AP=0.0052 found=0.12 R@100=0.100 cu=2.03e+05
    2000/9 G_hier_questions     AP=0.0440 found=0.72 R@100=0.100 cu=8.05e+05
    2000/9 H_mycelic_full       AP=0.0569 found=0.82 R@100=0.175 cu=8.12e+05
    2000/9 I_mycelic_completion AP=0.0676 found=0.78 R@100=0.125 cu=1.38e+06
    2000/9 J_mycelic_verified   AP=0.0847 found=0.82 R@100=0.200 cu=8.22e+05
    2000/9 Y_oracle_retrieval   AP=0.0534 found=0.68 R@100=0.150 cu=1.44e+05
    2000/9 Z_random_rank        AP=0.0336 found=0.57 R@100=0.150 cu=7.98e+04
    2000/9 Z2_naive_enumerate   AP=0.0133 found=0.05 R@100=0.050 cu=3.98e+04
   10000/5 A_flat_rag           AP=0.0427 found=0.55 R@100=0.175 cu=1.09e+06
   10000/5 B_long_context       AP=0.0219 found=0.42 R@100=0.125 cu=1.09e+06
   10000/5 B2_map_reduce        AP=0.0764 found=0.28 R@100=0.150 cu=2.02e+05
   10000/5 A2_chunked_ctx       AP=0.0686 found=0.62 R@100=0.100 cu=2.10e+06
   10000/5 B4_central_triage    AP=0.0318 found=0.38 R@100=0.175 cu=4.00e+05
   10000/5 C_recursive_sum      AP=0.0000 found=0.00 R@100=0.000 cu=1.71e+05
   10000/5 D_hier_nolineage     AP=0.0010 found=0.05 R@100=0.050 cu=1.99e+05
   10000/5 E_hier_lineage       AP=0.0003 found=0.03 R@100=0.025 cu=2.32e+05
   10000/5 F_hier_retrieval     AP=0.0083 found=0.17 R@100=0.050 cu=3.81e+05
   10000/5 G_hier_questions     AP=0.0110 found=0.33 R@100=0.050 cu=1.15e+06
   10000/5 H_mycelic_full       AP=0.0191 found=0.35 R@100=0.125 cu=1.17e+06
   10000/5 I_mycelic_completion AP=0.0492 found=0.35 R@100=0.075 cu=2.10e+06
   10000/5 J_mycelic_verified   AP=0.0272 found=0.35 R@100=0.175 cu=1.18e+06
   10000/5 Y_oracle_retrieval   AP=0.0013 found=0.15 R@100=0.000 cu=4.90e+05
   10000/5 Z_random_rank        AP=0.0084 found=0.28 R@100=0.025 cu=2.02e+05
   10000/5 Z2_naive_enumerate   AP=0.0036 found=0.07 R@100=0.075 cu=1.86e+05
   10000/6 A_flat_rag           AP=0.0648 found=0.62 R@100=0.200 cu=1.09e+06
   10000/6 B_long_context       AP=0.0490 found=0.70 R@100=0.175 cu=1.09e+06
   10000/6 B2_map_reduce        AP=0.0329 found=0.40 R@100=0.175 cu=2.00e+05
   10000/6 A2_chunked_ctx       AP=0.0648 found=0.62 R@100=0.175 cu=2.06e+06
   10000/6 B4_central_triage    AP=0.0396 found=0.33 R@100=0.225 cu=3.98e+05
   10000/6 C_recursive_sum      AP=0.0000 found=0.00 R@100=0.000 cu=1.69e+05
   10000/6 D_hier_nolineage     AP=0.0071 found=0.05 R@100=0.050 cu=1.97e+05
   10000/6 E_hier_lineage       AP=0.0011 found=0.03 R@100=0.025 cu=2.29e+05
   10000/6 F_hier_retrieval     AP=0.0216 found=0.17 R@100=0.125 cu=3.87e+05
   10000/6 G_hier_questions     AP=0.0423 found=0.57 R@100=0.200 cu=1.15e+06
   10000/6 H_mycelic_full       AP=0.0240 found=0.47 R@100=0.150 cu=1.14e+06
   10000/6 I_mycelic_completion AP=0.0203 found=0.47 R@100=0.100 cu=2.07e+06
   10000/6 J_mycelic_verified   AP=0.0271 found=0.47 R@100=0.225 cu=1.16e+06
   10000/6 Y_oracle_retrieval   AP=0.0322 found=0.28 R@100=0.075 cu=4.87e+05
   10000/6 Z_random_rank        AP=0.0241 found=0.40 R@100=0.125 cu=2.00e+05
   10000/6 Z2_naive_enumerate   AP=0.0187 found=0.38 R@100=0.150 cu=1.84e+05
   10000/7 A_flat_rag           AP=0.0274 found=0.53 R@100=0.075 cu=1.09e+06
   10000/7 B_long_context       AP=0.0140 found=0.33 R@100=0.100 cu=1.09e+06
   10000/7 B2_map_reduce        AP=0.0395 found=0.23 R@100=0.150 cu=1.98e+05
   10000/7 A2_chunked_ctx       AP=0.0230 found=0.60 R@100=0.025 cu=2.04e+06
   10000/7 B4_central_triage    AP=0.0047 found=0.28 R@100=0.025 cu=3.97e+05
   10000/7 C_recursive_sum      AP=0.0000 found=0.00 R@100=0.000 cu=1.67e+05
   10000/7 D_hier_nolineage     AP=0.0004 found=0.03 R@100=0.025 cu=1.93e+05
   10000/7 E_hier_lineage       AP=0.0011 found=0.03 R@100=0.025 cu=2.22e+05
   10000/7 F_hier_retrieval     AP=0.0046 found=0.07 R@100=0.075 cu=3.71e+05
   10000/7 G_hier_questions     AP=0.0043 found=0.28 R@100=0.000 cu=1.08e+06
   10000/7 H_mycelic_full       AP=0.0043 found=0.25 R@100=0.025 cu=1.08e+06
   10000/7 I_mycelic_completion AP=0.0040 found=0.28 R@100=0.000 cu=1.94e+06
   10000/7 J_mycelic_verified   AP=0.0052 found=0.25 R@100=0.025 cu=1.09e+06
