=== e3b ===
  0 upgrade=none        H_mycelic_full   AP=0.0019 found=0.10 cu=3.09e+05
  0 upgrade=none        B2_map_reduce    AP=0.0047 found=0.10 cu=1.46e+05
  0 upgrade=user        H_mycelic_full   AP=0.0059 found=0.25 cu=5.65e+06
  0 upgrade=user        B2_map_reduce    AP=0.0217 found=0.40 cu=4.37e+06
  0 upgrade=team        H_mycelic_full   AP=0.0050 found=0.17 cu=2.37e+06
  0 upgrade=team        B2_map_reduce    AP=0.0047 found=0.10 cu=1.46e+05
  0 upgrade=dept        H_mycelic_full   AP=0.0030 found=0.17 cu=1.13e+06
  0 upgrade=dept        B2_map_reduce    AP=0.0047 found=0.10 cu=1.46e+05
  0 upgrade=site        H_mycelic_full   AP=0.0041 found=0.20 cu=5.39e+05
  0 upgrade=site        B2_map_reduce    AP=0.0047 found=0.10 cu=1.46e+05
  0 upgrade=region      H_mycelic_full   AP=0.0139 found=0.23 cu=4.09e+05
  0 upgrade=region      B2_map_reduce    AP=0.0047 found=0.10 cu=1.46e+05
  0 upgrade=enterprise  H_mycelic_full   AP=0.0103 found=0.30 cu=5.52e+05
  0 upgrade=enterprise  B2_map_reduce    AP=0.0942 found=0.30 cu=1.72e+05
  1 upgrade=none        H_mycelic_full   AP=0.0081 found=0.25 cu=3.21e+05
  1 upgrade=none        B2_map_reduce    AP=0.0035 found=0.07 cu=1.46e+05
  1 upgrade=user        H_mycelic_full   AP=0.0090 found=0.23 cu=5.57e+06
  1 upgrade=user        B2_map_reduce    AP=0.0193 found=0.38 cu=4.35e+06
  1 upgrade=team        H_mycelic_full   AP=0.0027 found=0.15 cu=2.55e+06
  1 upgrade=team        B2_map_reduce    AP=0.0035 found=0.07 cu=1.46e+05
  1 upgrade=dept        H_mycelic_full   AP=0.0189 found=0.25 cu=1.21e+06
  1 upgrade=dept        B2_map_reduce    AP=0.0035 found=0.07 cu=1.46e+05
  1 upgrade=site        H_mycelic_full   AP=0.0070 found=0.28 cu=5.65e+05
  1 upgrade=site        B2_map_reduce    AP=0.0035 found=0.07 cu=1.46e+05
  1 upgrade=region      H_mycelic_full   AP=0.0061 found=0.25 cu=4.17e+05
  1 upgrade=region      B2_map_reduce    AP=0.0035 found=0.07 cu=1.46e+05
  1 upgrade=enterprise  H_mycelic_full   AP=0.0262 found=0.47 cu=5.87e+05
  1 upgrade=enterprise  B2_map_reduce    AP=0.0131 found=0.17 cu=1.72e+05
  2 upgrade=none        H_mycelic_full   AP=0.0131 found=0.35 cu=3.31e+05
  2 upgrade=none        B2_map_reduce    AP=0.0091 found=0.28 cu=1.45e+05
  2 upgrade=user        H_mycelic_full   AP=0.0303 found=0.47 cu=5.63e+06
  2 upgrade=user        B2_map_reduce    AP=0.0944 found=0.55 cu=4.32e+06
  2 upgrade=team        H_mycelic_full   AP=0.0108 found=0.40 cu=2.70e+06
  2 upgrade=team        B2_map_reduce    AP=0.0091 found=0.28 cu=1.45e+05
  2 upgrade=dept        H_mycelic_full   AP=0.0100 found=0.38 cu=1.33e+06
  2 upgrade=dept        B2_map_reduce    AP=0.0091 found=0.28 cu=1.45e+05
  2 upgrade=site        H_mycelic_full   AP=0.0345 found=0.50 cu=6.32e+05
  2 upgrade=site        B2_map_reduce    AP=0.0091 found=0.28 cu=1.45e+05
  2 upgrade=region      H_mycelic_full   AP=0.0132 found=0.40 cu=4.37e+05
  2 upgrade=region      B2_map_reduce    AP=0.0091 found=0.28 cu=1.45e+05
  2 upgrade=enterprise  H_mycelic_full   AP=0.0158 found=0.42 cu=5.85e+05
  2 upgrade=enterprise  B2_map_reduce    AP=0.0194 found=0.35 cu=1.72e+05
=== e3b done in 131s ===
