=== e3 ===
  0 flat-small     H_mycelic_full   AP=0.0019 found=0.10 cu=3.09e+05
  0 flat-small     B2_map_reduce    AP=0.0047 found=0.10 cu=1.46e+05
  0 flat-small     E_hier_lineage   AP=0.0000 found=0.00 cu=1.74e+05
  0 flat-mid       H_mycelic_full   AP=0.0174 found=0.35 cu=1.42e+06
  0 flat-mid       B2_map_reduce    AP=0.0650 found=0.38 cu=6.86e+05
  0 flat-mid       E_hier_lineage   AP=0.0018 found=0.05 cu=8.31e+05
  0 flat-frontier  H_mycelic_full   AP=0.0606 found=0.60 cu=9.36e+06
  0 flat-frontier  B2_map_reduce    AP=0.1619 found=0.62 cu=4.39e+06
  0 flat-frontier  E_hier_lineage   AP=0.0964 found=0.33 cu=5.38e+06
  0 naive-ladder   H_mycelic_full   AP=0.0131 found=0.35 cu=1.25e+06
  0 naive-ladder   B2_map_reduce    AP=0.0709 found=0.28 cu=2.00e+05
  0 naive-ladder   E_hier_lineage   AP=0.0000 found=0.00 cu=2.75e+05
  0 back-loaded    H_mycelic_full   AP=0.0077 found=0.30 cu=1.04e+06
  0 back-loaded    B2_map_reduce    AP=0.0709 found=0.28 cu=2.00e+05
  0 back-loaded    E_hier_lineage   AP=0.0125 found=0.03 cu=2.23e+05
  0 front-loaded   H_mycelic_full   AP=0.0229 found=0.45 cu=9.64e+05
  0 front-loaded   B2_map_reduce    AP=0.0245 found=0.33 cu=3.04e+05
  0 front-loaded   E_hier_lineage   AP=0.0098 found=0.07 cu=4.37e+05
  0 kernel-only    H_mycelic_full   AP=0.0079 found=0.30 cu=6.29e+05
  0 kernel-only    B2_map_reduce    AP=0.0132 found=0.28 cu=1.20e+05
  0 kernel-only    E_hier_lineage   AP=0.0000 found=0.00 cu=8.12e+04
  0 two-step       H_mycelic_full   AP=0.0163 found=0.33 cu=1.02e+06
  0 two-step       B2_map_reduce    AP=0.0709 found=0.28 cu=2.00e+05
  0 two-step       E_hier_lineage   AP=0.0071 found=0.05 cu=2.22e+05
  0 edge-bottom    H_mycelic_full   AP=0.0053 found=0.25 cu=1.19e+06
  0 edge-bottom    B2_map_reduce    AP=0.0132 found=0.28 cu=1.20e+05
  0 edge-bottom    E_hier_lineage   AP=0.0008 found=0.05 cu=1.92e+05
  0 lexical-bottom H_mycelic_full   AP=0.0195 found=0.35 cu=8.43e+05
  0 lexical-bottom B2_map_reduce    AP=0.1389 found=0.35 cu=5.36e+04
  0 lexical-bottom E_hier_lineage   AP=0.0042 found=0.05 cu=8.10e+04
  0 lexical-to-kernel H_mycelic_full   AP=0.0186 found=0.35 cu=4.71e+05
  0 lexical-to-kernel B2_map_reduce    AP=0.1389 found=0.35 cu=5.36e+04
  0 lexical-to-kernel E_hier_lineage   AP=0.0269 found=0.07 cu=1.53e+04
  1 flat-small     H_mycelic_full   AP=0.0081 found=0.25 cu=3.21e+05
  1 flat-small     B2_map_reduce    AP=0.0035 found=0.07 cu=1.46e+05
  1 flat-small     E_hier_lineage   AP=0.0000 found=0.00 cu=1.73e+05
  1 flat-mid       H_mycelic_full   AP=0.0341 found=0.45 cu=1.45e+06
  1 flat-mid       B2_map_reduce    AP=0.0428 found=0.38 cu=6.84e+05
  1 flat-mid       E_hier_lineage   AP=0.0105 found=0.10 cu=8.31e+05
  1 flat-frontier  H_mycelic_full   AP=0.0715 found=0.70 cu=9.38e+06
  1 flat-frontier  B2_map_reduce    AP=0.1137 found=0.57 cu=4.38e+06
  1 flat-frontier  E_hier_lineage   AP=0.0377 found=0.17 cu=5.38e+06
  1 naive-ladder   H_mycelic_full   AP=0.0290 found=0.40 cu=1.33e+06
  1 naive-ladder   B2_map_reduce    AP=0.0260 found=0.20 cu=1.99e+05
  1 naive-ladder   E_hier_lineage   AP=0.0023 found=0.03 cu=2.77e+05
  1 back-loaded    H_mycelic_full   AP=0.0496 found=0.30 cu=1.08e+06
  1 back-loaded    B2_map_reduce    AP=0.0260 found=0.20 cu=1.99e+05
  1 back-loaded    E_hier_lineage   AP=0.0000 found=0.00 cu=2.22e+05
  1 front-loaded   H_mycelic_full   AP=0.0065 found=0.28 cu=9.91e+05
  1 front-loaded   B2_map_reduce    AP=0.0377 found=0.28 cu=3.04e+05
  1 front-loaded   E_hier_lineage   AP=0.0005 found=0.03 cu=4.36e+05
  1 kernel-only    H_mycelic_full   AP=0.0161 found=0.28 cu=6.72e+05
  1 kernel-only    B2_map_reduce    AP=0.0097 found=0.33 cu=1.21e+05
  1 kernel-only    E_hier_lineage   AP=0.0000 found=0.00 cu=7.88e+04
  1 two-step       H_mycelic_full   AP=0.0164 found=0.38 cu=1.09e+06
  1 two-step       B2_map_reduce    AP=0.0260 found=0.20 cu=1.99e+05
  1 two-step       E_hier_lineage   AP=0.0007 found=0.03 cu=2.19e+05
  1 edge-bottom    H_mycelic_full   AP=0.0095 found=0.30 cu=1.24e+06
  1 edge-bottom    B2_map_reduce    AP=0.0097 found=0.33 cu=1.21e+05
  1 edge-bottom    E_hier_lineage   AP=0.0000 found=0.00 cu=1.93e+05
  1 lexical-bottom H_mycelic_full   AP=0.0400 found=0.42 cu=9.16e+05
  1 lexical-bottom B2_map_reduce    AP=0.0358 found=0.17 cu=5.28e+04
  1 lexical-bottom E_hier_lineage   AP=0.0034 found=0.05 cu=7.97e+04
  1 lexical-to-kernel H_mycelic_full   AP=0.0727 found=0.55 cu=5.62e+05
  1 lexical-to-kernel B2_map_reduce    AP=0.0358 found=0.17 cu=5.28e+04
  1 lexical-to-kernel E_hier_lineage   AP=0.0326 found=0.07 cu=1.41e+04
  2 flat-small     H_mycelic_full   AP=0.0131 found=0.35 cu=3.31e+05
  2 flat-small     B2_map_reduce    AP=0.0091 found=0.28 cu=1.45e+05
  2 flat-small     E_hier_lineage   AP=0.0014 found=0.05 cu=1.73e+05
  2 flat-mid       H_mycelic_full   AP=0.0272 found=0.45 cu=1.52e+06
  2 flat-mid       B2_map_reduce    AP=0.0589 found=0.42 cu=6.80e+05
  2 flat-mid       E_hier_lineage   AP=0.0111 found=0.15 cu=8.29e+05
  2 flat-frontier  H_mycelic_full   AP=0.0685 found=0.62 cu=9.90e+06
  2 flat-frontier  B2_map_reduce    AP=0.1581 found=0.57 cu=4.34e+06
  2 flat-frontier  E_hier_lineage   AP=0.1349 found=0.40 cu=5.37e+06
  2 naive-ladder   H_mycelic_full   AP=0.0175 found=0.45 cu=1.40e+06
  2 naive-ladder   B2_map_reduce    AP=0.0233 found=0.40 cu=1.98e+05
  2 naive-ladder   E_hier_lineage   AP=0.0115 found=0.07 cu=2.83e+05
  2 back-loaded    H_mycelic_full   AP=0.0172 found=0.42 cu=1.13e+06
  2 back-loaded    B2_map_reduce    AP=0.0233 found=0.40 cu=1.98e+05
  2 back-loaded    E_hier_lineage   AP=0.0053 found=0.05 cu=2.29e+05
  2 front-loaded   H_mycelic_full   AP=0.0132 found=0.45 cu=1.06e+06
  2 front-loaded   B2_map_reduce    AP=0.0945 found=0.42 cu=3.02e+05
  2 front-loaded   E_hier_lineage   AP=0.0030 found=0.05 cu=4.37e+05
  2 kernel-only    H_mycelic_full   AP=0.0037 found=0.17 cu=6.74e+05
  2 kernel-only    B2_map_reduce    AP=0.0073 found=0.23 cu=1.20e+05
  2 kernel-only    E_hier_lineage   AP=0.0000 found=0.00 cu=8.12e+04
  2 two-step       H_mycelic_full   AP=0.0185 found=0.42 cu=1.11e+06
  2 two-step       B2_map_reduce    AP=0.0233 found=0.40 cu=1.98e+05
  2 two-step       E_hier_lineage   AP=0.0051 found=0.05 cu=2.24e+05
  2 edge-bottom    H_mycelic_full   AP=0.0061 found=0.25 cu=1.31e+06
  2 edge-bottom    B2_map_reduce    AP=0.0073 found=0.23 cu=1.20e+05
  2 edge-bottom    E_hier_lineage   AP=0.0010 found=0.05 cu=2.00e+05
  2 lexical-bottom H_mycelic_full   AP=0.0043 found=0.25 cu=9.52e+05
  2 lexical-bottom B2_map_reduce    AP=0.0462 found=0.38 cu=5.51e+04
  2 lexical-bottom E_hier_lineage   AP=0.0051 found=0.05 cu=8.73e+04
  2 lexical-to-kernel H_mycelic_full   AP=0.0125 found=0.33 cu=4.93e+05
  2 lexical-to-kernel B2_map_reduce    AP=0.0462 found=0.38 cu=5.51e+04
  2 lexical-to-kernel E_hier_lineage   AP=0.0023 found=0.05 cu=1.48e+04
=== e3 done in 337s ===
