=== e1 ===
    2000/0 A_flat_rag           AP=0.2605 found=0.80 R@100=0.525 cu=4.75e+05
    2000/0 B_long_context       AP=0.2162 found=0.80 R@100=0.475 cu=1.09e+06
    2000/0 B2_map_reduce        AP=0.0493 found=0.60 R@100=0.200 cu=8.03e+04
    2000/0 A2_chunked_ctx       AP=0.1904 found=0.80 R@100=0.450 cu=5.18e+05
    2000/0 B4_central_triage    AP=0.0714 found=0.78 R@100=0.275 cu=1.35e+05
    2000/0 C_recursive_sum      AP=0.0283 found=0.07 R@100=0.075 cu=4.17e+04
    2000/0 D_hier_nolineage     AP=0.0333 found=0.12 R@100=0.125 cu=5.41e+04
    2000/0 E_hier_lineage       AP=0.0260 found=0.20 R@100=0.200 cu=6.78e+04
    2000/0 F_hier_retrieval     AP=0.0102 found=0.17 R@100=0.150 cu=2.08e+05
    2000/0 G_hier_questions     AP=0.0680 found=0.65 R@100=0.275 cu=8.20e+05
    2000/0 H_mycelic_full       AP=0.0817 found=0.72 R@100=0.225 cu=8.19e+05
    2000/0 I_mycelic_completion AP=0.0689 found=0.65 R@100=0.225 cu=1.41e+06
    2000/0 J_mycelic_verified   AP=0.0961 found=0.72 R@100=0.250 cu=8.30e+05
    2000/0 Y_oracle_retrieval   AP=0.0338 found=0.62 R@100=0.125 cu=1.44e+05
    2000/0 Z_random_rank        AP=0.0390 found=0.60 R@100=0.150 cu=8.03e+04
    2000/0 Z2_naive_enumerate   AP=0.0048 found=0.05 R@100=0.050 cu=4.01e+04
    2000/1 A_flat_rag           AP=0.2301 found=0.93 R@100=0.550 cu=4.80e+05
    2000/1 B_long_context       AP=0.2187 found=0.88 R@100=0.600 cu=1.09e+06
    2000/1 B2_map_reduce        AP=0.1025 found=0.57 R@100=0.200 cu=8.36e+04
    2000/1 A2_chunked_ctx       AP=0.3116 found=0.95 R@100=0.600 cu=5.19e+05
    2000/1 B4_central_triage    AP=0.1030 found=0.82 R@100=0.275 cu=1.36e+05
    2000/1 C_recursive_sum      AP=0.0140 found=0.05 R@100=0.050 cu=4.40e+04
    2000/1 D_hier_nolineage     AP=0.0041 found=0.07 R@100=0.075 cu=5.92e+04
    2000/1 E_hier_lineage       AP=0.0046 found=0.10 R@100=0.100 cu=7.59e+04
    2000/1 F_hier_retrieval     AP=0.0171 found=0.17 R@100=0.150 cu=2.23e+05
    2000/1 G_hier_questions     AP=0.0534 found=0.75 R@100=0.175 cu=8.46e+05
    2000/1 H_mycelic_full       AP=0.0703 found=0.78 R@100=0.250 cu=8.46e+05
    2000/1 I_mycelic_completion AP=0.0742 found=0.78 R@100=0.250 cu=1.44e+06
    2000/1 J_mycelic_verified   AP=0.1008 found=0.78 R@100=0.325 cu=8.57e+05
    2000/1 Y_oracle_retrieval   AP=0.0588 found=0.75 R@100=0.200 cu=1.44e+05
    2000/1 Z_random_rank        AP=0.0477 found=0.57 R@100=0.250 cu=8.36e+04
    2000/1 Z2_naive_enumerate   AP=0.0000 found=0.00 R@100=0.000 cu=4.02e+04
    2000/2 A_flat_rag           AP=0.4123 found=0.93 R@100=0.525 cu=4.69e+05
    2000/2 B_long_context       AP=0.2600 found=0.80 R@100=0.450 cu=1.09e+06
    2000/2 B2_map_reduce        AP=0.0781 found=0.53 R@100=0.275 cu=7.76e+04
    2000/2 A2_chunked_ctx       AP=0.3179 found=0.90 R@100=0.600 cu=5.09e+05
    2000/2 B4_central_triage    AP=0.1252 found=0.57 R@100=0.250 cu=1.32e+05
    2000/2 C_recursive_sum      AP=0.0125 found=0.03 R@100=0.025 cu=4.17e+04
    2000/2 D_hier_nolineage     AP=0.0165 found=0.12 R@100=0.125 cu=5.78e+04
    2000/2 E_hier_lineage       AP=0.0137 found=0.12 R@100=0.125 cu=7.32e+04
    2000/2 F_hier_retrieval     AP=0.0255 found=0.20 R@100=0.100 cu=2.18e+05
    2000/2 G_hier_questions     AP=0.0439 found=0.57 R@100=0.175 cu=8.66e+05
    2000/2 H_mycelic_full       AP=0.0483 found=0.62 R@100=0.175 cu=8.81e+05
    2000/2 I_mycelic_completion AP=0.0747 found=0.57 R@100=0.250 cu=1.51e+06
    2000/2 J_mycelic_verified   AP=0.0502 found=0.62 R@100=0.150 cu=8.91e+05
    2000/2 Y_oracle_retrieval   AP=0.0607 found=0.62 R@100=0.175 cu=1.43e+05
    2000/2 Z_random_rank        AP=0.0499 found=0.53 R@100=0.175 cu=7.76e+04
    2000/2 Z2_naive_enumerate   AP=0.0019 found=0.10 R@100=0.000 cu=3.96e+04
    2000/3 A_flat_rag           AP=0.2191 found=0.75 R@100=0.475 cu=4.66e+05
    2000/3 B_long_context       AP=0.1299 found=0.70 R@100=0.375 cu=1.09e+06
    2000/3 B2_map_reduce        AP=0.1246 found=0.57 R@100=0.300 cu=7.83e+04
    2000/3 A2_chunked_ctx       AP=0.2671 found=0.85 R@100=0.550 cu=5.08e+05
    2000/3 B4_central_triage    AP=0.1192 found=0.80 R@100=0.325 cu=1.31e+05
    2000/3 C_recursive_sum      AP=0.0000 found=0.00 R@100=0.000 cu=4.19e+04
    2000/3 D_hier_nolineage     AP=0.0007 found=0.03 R@100=0.025 cu=5.55e+04
    2000/3 E_hier_lineage       AP=0.0004 found=0.03 R@100=0.025 cu=6.91e+04
    2000/3 F_hier_retrieval     AP=0.0178 found=0.10 R@100=0.075 cu=2.07e+05
    2000/3 G_hier_questions     AP=0.0966 found=0.78 R@100=0.275 cu=8.43e+05
    2000/3 H_mycelic_full       AP=0.1394 found=0.72 R@100=0.375 cu=8.39e+05
    2000/3 I_mycelic_completion AP=0.1309 found=0.75 R@100=0.350 cu=1.45e+06
    2000/3 J_mycelic_verified   AP=0.1454 found=0.72 R@100=0.375 cu=8.50e+05
    2000/3 Y_oracle_retrieval   AP=0.1090 found=0.75 R@100=0.200 cu=1.44e+05
    2000/3 Z_random_rank        AP=0.0402 found=0.57 R@100=0.125 cu=7.83e+04
    2000/3 Z2_naive_enumerate   AP=0.1029 found=0.55 R@100=0.400 cu=4.00e+04
    2000/4 A_flat_rag           AP=0.3186 found=0.97 R@100=0.625 cu=4.62e+05
    2000/4 B_long_context       AP=0.2276 found=0.80 R@100=0.450 cu=1.09e+06
    2000/4 B2_map_reduce        AP=0.0904 found=0.62 R@100=0.225 cu=7.82e+04
    2000/4 A2_chunked_ctx       AP=0.3216 found=0.93 R@100=0.575 cu=5.06e+05
    2000/4 B4_central_triage    AP=0.0760 found=0.88 R@100=0.225 cu=1.30e+05
    2000/4 C_recursive_sum      AP=0.0059 found=0.05 R@100=0.050 cu=3.97e+04
    2000/4 D_hier_nolineage     AP=0.0046 found=0.05 R@100=0.050 cu=4.86e+04
    2000/4 E_hier_lineage       AP=0.0272 found=0.15 R@100=0.150 cu=5.93e+04
    2000/4 F_hier_retrieval     AP=0.0758 found=0.25 R@100=0.225 cu=1.98e+05
    2000/4 G_hier_questions     AP=0.1044 found=0.72 R@100=0.250 cu=8.03e+05
    2000/4 H_mycelic_full       AP=0.0941 found=0.62 R@100=0.325 cu=8.05e+05
    2000/4 I_mycelic_completion AP=0.0624 found=0.80 R@100=0.175 cu=1.38e+06
    2000/4 J_mycelic_verified   AP=0.1222 found=0.62 R@100=0.325 cu=8.15e+05
    2000/4 Y_oracle_retrieval   AP=0.0655 found=0.82 R@100=0.225 cu=1.43e+05
    2000/4 Z_random_rank        AP=0.0430 found=0.62 R@100=0.075 cu=7.82e+04
    2000/4 Z2_naive_enumerate   AP=0.0011 found=0.03 R@100=0.025 cu=3.97e+04
   10000/0 A_flat_rag           AP=0.0654 found=0.65 R@100=0.150 cu=1.09e+06
   10000/0 B_long_context       AP=0.0274 found=0.40 R@100=0.175 cu=1.09e+06
   10000/0 B2_map_reduce        AP=0.0709 found=0.28 R@100=0.150 cu=2.00e+05
   10000/0 A2_chunked_ctx       AP=0.0397 found=0.57 R@100=0.200 cu=2.10e+06
   10000/0 B4_central_triage    AP=0.0412 found=0.35 R@100=0.100 cu=3.99e+05
   10000/0 C_recursive_sum      AP=0.0000 found=0.00 R@100=0.000 cu=1.68e+05
   10000/0 D_hier_nolineage     AP=0.0028 found=0.03 R@100=0.025 cu=1.96e+05
   10000/0 E_hier_lineage       AP=0.0125 found=0.03 R@100=0.025 cu=2.23e+05
   10000/0 F_hier_retrieval     AP=0.0129 found=0.05 R@100=0.025 cu=3.60e+05
   10000/0 G_hier_questions     AP=0.0079 found=0.33 R@100=0.050 cu=1.04e+06
   10000/0 H_mycelic_full       AP=0.0077 found=0.30 R@100=0.100 cu=1.04e+06
   10000/0 I_mycelic_completion AP=0.0118 found=0.33 R@100=0.075 cu=1.86e+06
   10000/0 J_mycelic_verified   AP=0.0076 found=0.30 R@100=0.050 cu=1.05e+06
   10000/0 Y_oracle_retrieval   AP=0.0046 found=0.25 R@100=0.025 cu=4.88e+05
   10000/0 Z_random_rank        AP=0.0142 found=0.28 R@100=0.075 cu=2.00e+05
   10000/0 Z2_naive_enumerate   AP=0.0114 found=0.38 R@100=0.100 cu=1.85e+05
   10000/1 A_flat_rag           AP=0.0995 found=0.65 R@100=0.200 cu=1.09e+06
   10000/1 B_long_context       AP=0.0256 found=0.40 R@100=0.200 cu=1.09e+06
   10000/1 B2_map_reduce        AP=0.0260 found=0.20 R@100=0.150 cu=1.99e+05
   10000/1 A2_chunked_ctx       AP=0.1160 found=0.70 R@100=0.225 cu=2.08e+06
   10000/1 B4_central_triage    AP=0.0146 found=0.40 R@100=0.075 cu=3.98e+05
   10000/1 C_recursive_sum      AP=0.0000 found=0.00 R@100=0.000 cu=1.68e+05
   10000/1 D_hier_nolineage     AP=0.0012 found=0.05 R@100=0.050 cu=1.94e+05
   10000/1 E_hier_lineage       AP=0.0000 found=0.00 R@100=0.000 cu=2.22e+05
   10000/1 F_hier_retrieval     AP=0.0056 found=0.07 R@100=0.075 cu=3.65e+05
   10000/1 G_hier_questions     AP=0.0536 found=0.40 R@100=0.175 cu=1.07e+06
   10000/1 H_mycelic_full       AP=0.0496 found=0.30 R@100=0.075 cu=1.08e+06
   10000/1 I_mycelic_completion AP=0.0493 found=0.35 R@100=0.200 cu=1.95e+06
   10000/1 J_mycelic_verified   AP=0.0545 found=0.30 R@100=0.075 cu=1.09e+06
   10000/1 Y_oracle_retrieval   AP=0.0035 found=0.25 R@100=0.000 cu=4.87e+05
   10000/1 Z_random_rank        AP=0.0046 found=0.20 R@100=0.050 cu=1.99e+05
   10000/1 Z2_naive_enumerate   AP=0.0009 found=0.10 R@100=0.000 cu=1.85e+05
   10000/2 A_flat_rag           AP=0.0681 found=0.68 R@100=0.150 cu=1.09e+06
   10000/2 B_long_context       AP=0.0336 found=0.53 R@100=0.150 cu=1.09e+06
   10000/2 B2_map_reduce        AP=0.0233 found=0.40 R@100=0.125 cu=1.98e+05
   10000/2 A2_chunked_ctx       AP=0.0657 found=0.68 R@100=0.125 cu=2.07e+06
   10000/2 B4_central_triage    AP=0.0147 found=0.38 R@100=0.100 cu=3.98e+05
   10000/2 C_recursive_sum      AP=0.0000 found=0.00 R@100=0.000 cu=1.69e+05
   10000/2 D_hier_nolineage     AP=0.0043 found=0.07 R@100=0.075 cu=1.97e+05
   10000/2 E_hier_lineage       AP=0.0053 found=0.05 R@100=0.050 cu=2.29e+05
   10000/2 F_hier_retrieval     AP=0.0051 found=0.07 R@100=0.075 cu=3.79e+05
   10000/2 G_hier_questions     AP=0.0127 found=0.38 R@100=0.100 cu=1.12e+06
   10000/2 H_mycelic_full       AP=0.0172 found=0.42 R@100=0.075 cu=1.13e+06
   10000/2 I_mycelic_completion AP=0.0218 found=0.40 R@100=0.125 cu=2.02e+06
   10000/2 J_mycelic_verified   AP=0.0192 found=0.42 R@100=0.100 cu=1.14e+06
   10000/2 Y_oracle_retrieval   AP=0.0026 found=0.15 R@100=0.025 cu=4.87e+05
   10000/2 Z_random_rank        AP=0.0145 found=0.40 R@100=0.050 cu=1.98e+05
   10000/2 Z2_naive_enumerate   AP=0.0005 found=0.07 R@100=0.000 cu=1.84e+05
   10000/3 A_flat_rag           AP=0.0502 found=0.65 R@100=0.175 cu=1.09e+06
   10000/3 B_long_context       AP=0.0239 found=0.50 R@100=0.125 cu=1.09e+06
   10000/3 B2_map_reduce        AP=0.0823 found=0.30 R@100=0.200 cu=1.99e+05
   10000/3 A2_chunked_ctx       AP=0.0637 found=0.78 R@100=0.175 cu=2.08e+06
   10000/3 B4_central_triage    AP=0.0348 found=0.45 R@100=0.125 cu=3.98e+05
   10000/3 C_recursive_sum      AP=0.0000 found=0.00 R@100=0.000 cu=1.70e+05
   10000/3 D_hier_nolineage     AP=0.0003 found=0.03 R@100=0.025 cu=1.98e+05
   10000/3 E_hier_lineage       AP=0.0009 found=0.05 R@100=0.050 cu=2.30e+05
   10000/3 F_hier_retrieval     AP=0.0027 found=0.07 R@100=0.050 cu=3.89e+05
   10000/3 G_hier_questions     AP=0.0374 found=0.50 R@100=0.150 cu=1.16e+06
   10000/3 H_mycelic_full       AP=0.0277 found=0.47 R@100=0.125 cu=1.17e+06
   10000/3 I_mycelic_completion AP=0.0437 found=0.50 R@100=0.125 cu=2.08e+06
   10000/3 J_mycelic_verified   AP=0.0354 found=0.47 R@100=0.175 cu=1.18e+06
   10000/3 Y_oracle_retrieval   AP=0.0124 found=0.30 R@100=0.075 cu=4.88e+05
   10000/3 Z_random_rank        AP=0.0088 found=0.30 R@100=0.050 cu=1.99e+05
   10000/3 Z2_naive_enumerate   AP=0.0013 found=0.05 R@100=0.025 cu=1.85e+05
   10000/4 A_flat_rag           AP=0.0612 found=0.75 R@100=0.200 cu=1.09e+06
   10000/4 B_long_context       AP=0.0332 found=0.53 R@100=0.225 cu=1.09e+06
   10000/4 B2_map_reduce        AP=0.0177 found=0.38 R@100=0.125 cu=1.99e+05
   10000/4 A2_chunked_ctx       AP=0.0495 found=0.70 R@100=0.200 cu=2.06e+06
   10000/4 B4_central_triage    AP=0.0044 found=0.28 R@100=0.000 cu=3.97e+05
   10000/4 C_recursive_sum      AP=0.0000 found=0.00 R@100=0.000 cu=1.68e+05
   10000/4 D_hier_nolineage     AP=0.0024 found=0.05 R@100=0.050 cu=1.93e+05
   10000/4 E_hier_lineage       AP=0.0124 found=0.07 R@100=0.075 cu=2.22e+05
   10000/4 F_hier_retrieval     AP=0.0201 found=0.15 R@100=0.100 cu=3.58e+05
   10000/4 G_hier_questions     AP=0.0240 found=0.35 R@100=0.175 cu=1.00e+06
   10000/4 H_mycelic_full       AP=0.0112 found=0.38 R@100=0.075 cu=1.02e+06
   10000/4 I_mycelic_completion AP=0.0144 found=0.33 R@100=0.100 cu=1.81e+06
   10000/4 J_mycelic_verified   AP=0.0171 found=0.38 R@100=0.125 cu=1.03e+06
   10000/4 Y_oracle_retrieval   AP=0.0072 found=0.25 R@100=0.100 cu=4.86e+05
   10000/4 Z_random_rank        AP=0.0155 found=0.38 R@100=0.075 cu=1.99e+05
   10000/4 Z2_naive_enumerate   AP=0.0004 found=0.05 R@100=0.025 cu=1.84e+05
   50000/0 A_flat_rag           AP=0.0180 found=0.51 R@100=0.050 cu=1.24e+06
   50000/0 B_long_context       AP=0.0040 found=0.09 R@100=0.030 cu=1.13e+06
   50000/0 B2_map_reduce        AP=0.0006 found=0.04 R@100=0.010 cu=7.80e+05
   50000/0 A2_chunked_ctx       AP=0.0430 found=0.69 R@100=0.110 cu=1.02e+07
   50000/0 B4_central_triage    AP=0.0061 found=0.31 R@100=0.010 cu=1.07e+06
   50000/0 C_recursive_sum      AP=0.0000 found=0.00 R@100=0.000 cu=8.07e+05
   50000/0 D_hier_nolineage     AP=0.0000 found=0.00 R@100=0.000 cu=8.83e+05
   50000/0 E_hier_lineage       AP=0.0014 found=0.01 R@100=0.010 cu=9.93e+05
   50000/0 F_hier_retrieval     AP=0.0003 found=0.01 R@100=0.010 cu=1.15e+06
   50000/0 G_hier_questions     AP=0.0092 found=0.40 R@100=0.020 cu=2.98e+06
   50000/0 H_mycelic_full       AP=0.0066 found=0.39 R@100=0.000 cu=3.01e+06
   50000/0 I_mycelic_completion AP=0.0081 found=0.38 R@100=0.010 cu=5.22e+06
   50000/0 J_mycelic_verified   AP=0.0067 found=0.39 R@100=0.000 cu=3.02e+06
   50000/0 Y_oracle_retrieval   AP=0.0015 found=0.16 R@100=0.010 cu=2.43e+06
   50000/0 Z_random_rank        AP=0.0005 found=0.04 R@100=0.010 cu=7.80e+05
   50000/0 Z2_naive_enumerate   AP=0.0003 found=0.10 R@100=0.000 cu=9.23e+05
   50000/1 A_flat_rag           AP=0.0099 found=0.37 R@100=0.030 cu=1.24e+06
   50000/1 B_long_context       AP=0.0020 found=0.07 R@100=0.020 cu=1.12e+06
   50000/1 B2_map_reduce        AP=0.0017 found=0.07 R@100=0.020 cu=7.78e+05
   50000/1 A2_chunked_ctx       AP=0.0257 found=0.68 R@100=0.050 cu=1.02e+07
   50000/1 B4_central_triage    AP=0.0126 found=0.34 R@100=0.040 cu=1.06e+06
   50000/1 C_recursive_sum      AP=0.0000 found=0.00 R@100=0.000 cu=8.03e+05
   50000/1 D_hier_nolineage     AP=0.0000 found=0.00 R@100=0.000 cu=8.80e+05
   50000/1 E_hier_lineage       AP=0.0003 found=0.01 R@100=0.010 cu=9.87e+05
   50000/1 F_hier_retrieval     AP=0.0007 found=0.02 R@100=0.020 cu=1.14e+06
   50000/1 G_hier_questions     AP=0.0072 found=0.28 R@100=0.040 cu=2.91e+06
   50000/1 H_mycelic_full       AP=0.0091 found=0.31 R@100=0.030 cu=2.94e+06
   50000/1 I_mycelic_completion AP=0.0155 found=0.30 R@100=0.080 cu=5.09e+06
   50000/1 J_mycelic_verified   AP=0.0190 found=0.31 R@100=0.070 cu=2.95e+06
   50000/1 Y_oracle_retrieval   AP=0.0030 found=0.30 R@100=0.010 cu=2.43e+06
   50000/1 Z_random_rank        AP=0.0008 found=0.07 R@100=0.000 cu=7.78e+05
   50000/1 Z2_naive_enumerate   AP=0.0009 found=0.13 R@100=0.010 cu=9.19e+05
   50000/2 A_flat_rag           AP=0.0100 found=0.38 R@100=0.030 cu=1.24e+06
   50000/2 B_long_context       AP=0.0003 found=0.04 R@100=0.000 cu=1.12e+06
   50000/2 B2_map_reduce        AP=0.0100 found=0.01 R@100=0.010 cu=7.74e+05
   50000/2 A2_chunked_ctx       AP=0.1096 found=0.74 R@100=0.180 cu=1.02e+07
   50000/2 B4_central_triage    AP=0.0094 found=0.32 R@100=0.040 cu=1.06e+06
   50000/2 C_recursive_sum      AP=0.0000 found=0.00 R@100=0.000 cu=8.02e+05
   50000/2 D_hier_nolineage     AP=0.0000 found=0.00 R@100=0.000 cu=8.76e+05
   50000/2 E_hier_lineage       AP=0.0000 found=0.00 R@100=0.000 cu=9.83e+05
   50000/2 F_hier_retrieval     AP=0.0000 found=0.00 R@100=0.000 cu=1.14e+06
   50000/2 G_hier_questions     AP=0.0083 found=0.38 R@100=0.020 cu=2.96e+06
   50000/2 H_mycelic_full       AP=0.0087 found=0.39 R@100=0.020 cu=2.96e+06
   50000/2 I_mycelic_completion AP=0.0124 found=0.39 R@100=0.050 cu=5.14e+06
   50000/2 J_mycelic_verified   AP=0.0112 found=0.39 R@100=0.050 cu=2.97e+06
   50000/2 Y_oracle_retrieval   AP=0.0093 found=0.34 R@100=0.040 cu=2.43e+06
   50000/2 Z_random_rank        AP=0.0001 found=0.01 R@100=0.000 cu=7.74e+05
   50000/2 Z2_naive_enumerate   AP=0.0019 found=0.19 R@100=0.010 cu=9.19e+05
   50000/3 A_flat_rag           AP=0.0182 found=0.47 R@100=0.050 cu=1.24e+06
   50000/3 B_long_context       AP=0.0034 found=0.07 R@100=0.020 cu=1.12e+06
   50000/3 B2_map_reduce        AP=0.0019 found=0.06 R@100=0.010 cu=7.77e+05
   50000/3 A2_chunked_ctx       AP=0.0364 found=0.68 R@100=0.110 cu=1.02e+07
   50000/3 B4_central_triage    AP=0.0075 found=0.30 R@100=0.030 cu=1.07e+06
   50000/3 C_recursive_sum      AP=0.0000 found=0.00 R@100=0.000 cu=8.04e+05
   50000/3 D_hier_nolineage     AP=0.0005 found=0.01 R@100=0.010 cu=8.80e+05
   50000/3 E_hier_lineage       AP=0.0007 found=0.01 R@100=0.010 cu=9.88e+05
   50000/3 F_hier_retrieval     AP=0.0003 found=0.02 R@100=0.010 cu=1.14e+06
   50000/3 G_hier_questions     AP=0.0085 found=0.30 R@100=0.030 cu=2.88e+06
   50000/3 H_mycelic_full       AP=0.0084 found=0.27 R@100=0.030 cu=2.88e+06
   50000/3 I_mycelic_completion AP=0.0163 found=0.28 R@100=0.040 cu=5.00e+06
   50000/3 J_mycelic_verified   AP=0.0093 found=0.27 R@100=0.050 cu=2.89e+06
   50000/3 Y_oracle_retrieval   AP=0.0047 found=0.30 R@100=0.020 cu=2.43e+06
   50000/3 Z_random_rank        AP=0.0008 found=0.06 R@100=0.000 cu=7.77e+05
   50000/3 Z2_naive_enumerate   AP=0.0002 found=0.05 R@100=0.010 cu=9.21e+05
   50000/4 A_flat_rag           AP=0.0103 found=0.39 R@100=0.030 cu=1.24e+06
   50000/4 B_long_context       AP=0.0018 found=0.11 R@100=0.020 cu=1.12e+06
   50000/4 B2_map_reduce        AP=0.0245 found=0.10 R@100=0.060 cu=7.81e+05
   50000/4 A2_chunked_ctx       AP=0.0423 found=0.64 R@100=0.110 cu=1.02e+07
   50000/4 B4_central_triage    AP=0.0067 found=0.30 R@100=0.000 cu=1.07e+06
   50000/4 C_recursive_sum      AP=0.0000 found=0.00 R@100=0.000 cu=8.09e+05
   50000/4 D_hier_nolineage     AP=0.0000 found=0.00 R@100=0.000 cu=8.89e+05
   50000/4 E_hier_lineage       AP=0.0002 found=0.01 R@100=0.010 cu=1.00e+06
   50000/4 F_hier_retrieval     AP=0.0014 found=0.03 R@100=0.020 cu=1.16e+06
   50000/4 G_hier_questions     AP=0.0084 found=0.32 R@100=0.030 cu=2.89e+06
   50000/4 H_mycelic_full       AP=0.0108 found=0.32 R@100=0.030 cu=2.86e+06
   50000/4 I_mycelic_completion AP=0.0056 found=0.30 R@100=0.020 cu=5.01e+06
   50000/4 J_mycelic_verified   AP=0.0091 found=0.32 R@100=0.030 cu=2.87e+06
   50000/4 Y_oracle_retrieval   AP=0.0062 found=0.32 R@100=0.020 cu=2.43e+06
   50000/4 Z_random_rank        AP=0.0034 found=0.10 R@100=0.040 cu=7.81e+05
   50000/4 Z2_naive_enumerate   AP=0.0024 found=0.22 R@100=0.000 cu=9.22e+05
=== e1 done in 1406s ===
