=== e7 ===
  convex   0 flat-small     H_mycelic_full   AP=0.0019 cu=3.09e+05
  convex   0 flat-small     B2_map_reduce    AP=0.0047 cu=1.46e+05
  convex   0 naive-ladder   H_mycelic_full   AP=0.0131 cu=1.25e+06
  convex   0 naive-ladder   B2_map_reduce    AP=0.0709 cu=2.00e+05
  convex   0 back-loaded    H_mycelic_full   AP=0.0077 cu=1.04e+06
  convex   0 back-loaded    B2_map_reduce    AP=0.0709 cu=2.00e+05
  convex   0 kernel-only    H_mycelic_full   AP=0.0079 cu=6.29e+05
  convex   0 kernel-only    B2_map_reduce    AP=0.0132 cu=1.20e+05
  convex   0 two-step       H_mycelic_full   AP=0.0163 cu=1.02e+06
  convex   0 two-step       B2_map_reduce    AP=0.0709 cu=2.00e+05
  convex   0 front-loaded   H_mycelic_full   AP=0.0229 cu=9.64e+05
  convex   0 front-loaded   B2_map_reduce    AP=0.0245 cu=3.04e+05
  convex   1 flat-small     H_mycelic_full   AP=0.0081 cu=3.21e+05
  convex   1 flat-small     B2_map_reduce    AP=0.0035 cu=1.46e+05
  convex   1 naive-ladder   H_mycelic_full   AP=0.0290 cu=1.33e+06
  convex   1 naive-ladder   B2_map_reduce    AP=0.0260 cu=1.99e+05
  convex   1 back-loaded    H_mycelic_full   AP=0.0496 cu=1.08e+06
  convex   1 back-loaded    B2_map_reduce    AP=0.0260 cu=1.99e+05
  convex   1 kernel-only    H_mycelic_full   AP=0.0161 cu=6.72e+05
  convex   1 kernel-only    B2_map_reduce    AP=0.0097 cu=1.21e+05
  convex   1 two-step       H_mycelic_full   AP=0.0164 cu=1.09e+06
  convex   1 two-step       B2_map_reduce    AP=0.0260 cu=1.99e+05
  convex   1 front-loaded   H_mycelic_full   AP=0.0065 cu=9.91e+05
  convex   1 front-loaded   B2_map_reduce    AP=0.0377 cu=3.04e+05
  convex   2 flat-small     H_mycelic_full   AP=0.0131 cu=3.31e+05
  convex   2 flat-small     B2_map_reduce    AP=0.0091 cu=1.45e+05
  convex   2 naive-ladder   H_mycelic_full   AP=0.0175 cu=1.40e+06
  convex   2 naive-ladder   B2_map_reduce    AP=0.0233 cu=1.98e+05
  convex   2 back-loaded    H_mycelic_full   AP=0.0172 cu=1.13e+06
  convex   2 back-loaded    B2_map_reduce    AP=0.0233 cu=1.98e+05
  convex   2 kernel-only    H_mycelic_full   AP=0.0037 cu=6.74e+05
  convex   2 kernel-only    B2_map_reduce    AP=0.0073 cu=1.20e+05
  convex   2 two-step       H_mycelic_full   AP=0.0185 cu=1.11e+06
  convex   2 two-step       B2_map_reduce    AP=0.0233 cu=1.98e+05
  convex   2 front-loaded   H_mycelic_full   AP=0.0132 cu=1.06e+06
  convex   2 front-loaded   B2_map_reduce    AP=0.0945 cu=3.02e+05
  linear   0 flat-small     H_mycelic_full   AP=0.0079 cu=3.13e+05
  linear   0 flat-small     B2_map_reduce    AP=0.0084 cu=1.46e+05
  linear   0 naive-ladder   H_mycelic_full   AP=0.0131 cu=1.25e+06
  linear   0 naive-ladder   B2_map_reduce    AP=0.0709 cu=2.00e+05
  linear   0 back-loaded    H_mycelic_full   AP=0.0077 cu=1.04e+06
  linear   0 back-loaded    B2_map_reduce    AP=0.0709 cu=2.00e+05
  linear   0 kernel-only    H_mycelic_full   AP=0.0079 cu=6.29e+05
  linear   0 kernel-only    B2_map_reduce    AP=0.0132 cu=1.20e+05
  linear   0 two-step       H_mycelic_full   AP=0.0163 cu=1.02e+06
  linear   0 two-step       B2_map_reduce    AP=0.0709 cu=2.00e+05
  linear   0 front-loaded   H_mycelic_full   AP=0.0247 cu=9.66e+05
  linear   0 front-loaded   B2_map_reduce    AP=0.0307 cu=3.04e+05
  linear   1 flat-small     H_mycelic_full   AP=0.0209 cu=3.22e+05
  linear   1 flat-small     B2_map_reduce    AP=0.0015 cu=1.46e+05
  linear   1 naive-ladder   H_mycelic_full   AP=0.0290 cu=1.33e+06
  linear   1 naive-ladder   B2_map_reduce    AP=0.0260 cu=1.99e+05
  linear   1 back-loaded    H_mycelic_full   AP=0.0496 cu=1.08e+06
  linear   1 back-loaded    B2_map_reduce    AP=0.0260 cu=1.99e+05
  linear   1 kernel-only    H_mycelic_full   AP=0.0161 cu=6.72e+05
  linear   1 kernel-only    B2_map_reduce    AP=0.0097 cu=1.21e+05
  linear   1 two-step       H_mycelic_full   AP=0.0164 cu=1.09e+06
  linear   1 two-step       B2_map_reduce    AP=0.0260 cu=1.99e+05
  linear   1 front-loaded   H_mycelic_full   AP=0.0162 cu=9.89e+05
  linear   1 front-loaded   B2_map_reduce    AP=0.0461 cu=3.03e+05
  linear   2 flat-small     H_mycelic_full   AP=0.0144 cu=3.29e+05
  linear   2 flat-small     B2_map_reduce    AP=0.0150 cu=1.45e+05
  linear   2 naive-ladder   H_mycelic_full   AP=0.0175 cu=1.40e+06
  linear   2 naive-ladder   B2_map_reduce    AP=0.0233 cu=1.98e+05
  linear   2 back-loaded    H_mycelic_full   AP=0.0172 cu=1.13e+06
  linear   2 back-loaded    B2_map_reduce    AP=0.0233 cu=1.98e+05
  linear   2 kernel-only    H_mycelic_full   AP=0.0037 cu=6.74e+05
  linear   2 kernel-only    B2_map_reduce    AP=0.0073 cu=1.20e+05
  linear   2 two-step       H_mycelic_full   AP=0.0185 cu=1.11e+06
  linear   2 two-step       B2_map_reduce    AP=0.0233 cu=1.98e+05
  linear   2 front-loaded   H_mycelic_full   AP=0.0146 cu=1.06e+06
  linear   2 front-loaded   B2_map_reduce    AP=0.0791 cu=3.02e+05
  concave  0 flat-small     H_mycelic_full   AP=0.0121 cu=3.11e+05
  concave  0 flat-small     B2_map_reduce    AP=0.0047 cu=1.46e+05
  concave  0 naive-ladder   H_mycelic_full   AP=0.0131 cu=1.25e+06
  concave  0 naive-ladder   B2_map_reduce    AP=0.0709 cu=2.00e+05
  concave  0 back-loaded    H_mycelic_full   AP=0.0077 cu=1.04e+06
  concave  0 back-loaded    B2_map_reduce    AP=0.0709 cu=2.00e+05
  concave  0 kernel-only    H_mycelic_full   AP=0.0079 cu=6.29e+05
  concave  0 kernel-only    B2_map_reduce    AP=0.0132 cu=1.20e+05
  concave  0 two-step       H_mycelic_full   AP=0.0163 cu=1.02e+06
  concave  0 two-step       B2_map_reduce    AP=0.0709 cu=2.00e+05
  concave  0 front-loaded   H_mycelic_full   AP=0.0195 cu=9.64e+05
  concave  0 front-loaded   B2_map_reduce    AP=0.0196 cu=3.04e+05
  concave  1 flat-small     H_mycelic_full   AP=0.0097 cu=3.20e+05
  concave  1 flat-small     B2_map_reduce    AP=0.0032 cu=1.46e+05
  concave  1 naive-ladder   H_mycelic_full   AP=0.0290 cu=1.33e+06
  concave  1 naive-ladder   B2_map_reduce    AP=0.0260 cu=1.99e+05
  concave  1 back-loaded    H_mycelic_full   AP=0.0496 cu=1.08e+06
  concave  1 back-loaded    B2_map_reduce    AP=0.0260 cu=1.99e+05
  concave  1 kernel-only    H_mycelic_full   AP=0.0161 cu=6.72e+05
  concave  1 kernel-only    B2_map_reduce    AP=0.0097 cu=1.21e+05
  concave  1 two-step       H_mycelic_full   AP=0.0164 cu=1.09e+06
  concave  1 two-step       B2_map_reduce    AP=0.0260 cu=1.99e+05
