=== e5 ===
  0 clean                    H_mycelic_full   AP=0.0077 FDR=0.980 decoy=0.200 dupErr=2.78
  0 clean                    B2_map_reduce    AP=0.0709 FDR=0.974 decoy=0.325 dupErr=2.22
  0 clean                    B_long_context   AP=0.0274 FDR=0.946 decoy=0.150 dupErr=1.45
  0 clean                    E_hier_lineage   AP=0.0125 FDR=0.983 decoy=0.025 dupErr=1.00
  0 high_cross_site_noise    H_mycelic_full   AP=0.0247 FDR=0.975 decoy=0.325 dupErr=2.66
  0 high_cross_site_noise    B2_map_reduce    AP=0.0357 FDR=0.979 decoy=0.300 dupErr=3.50
  0 high_cross_site_noise    B_long_context   AP=0.0318 FDR=0.950 decoy=0.225 dupErr=1.64
  0 high_cross_site_noise    E_hier_lineage   AP=0.0017 FDR=0.970 decoy=0.000 dupErr=0.75
  0 decoy_heavy              H_mycelic_full   AP=0.0118 FDR=0.971 decoy=0.177 dupErr=2.72
  0 decoy_heavy              B2_map_reduce    AP=0.1190 FDR=0.965 decoy=0.146 dupErr=3.11
  0 decoy_heavy              B_long_context   AP=0.0188 FDR=0.956 decoy=0.146 dupErr=1.77
  0 decoy_heavy              E_hier_lineage   AP=0.0028 FDR=0.984 decoy=0.010 dupErr=2.75
  0 duplicate_flood          H_mycelic_full   AP=0.0780 FDR=0.975 decoy=0.225 dupErr=2.55
  0 duplicate_flood          B2_map_reduce    AP=0.0871 FDR=0.969 decoy=0.200 dupErr=3.68
  0 duplicate_flood          B_long_context   AP=0.0583 FDR=0.933 decoy=0.225 dupErr=1.75
  0 duplicate_flood          E_hier_lineage   AP=0.0049 FDR=0.967 decoy=0.000 dupErr=1.50
  0 stale_flood              H_mycelic_full   AP=0.0352 FDR=0.973 decoy=0.275 dupErr=3.03
  0 stale_flood              B2_map_reduce    AP=0.0671 FDR=0.971 decoy=0.200 dupErr=3.08
  0 stale_flood              B_long_context   AP=0.0215 FDR=0.973 decoy=0.175 dupErr=1.74
  0 stale_flood              E_hier_lineage   AP=0.0000 FDR=1.000 decoy=0.025 dupErr=0.80
  0 false_report_flood       H_mycelic_full   AP=0.0226 FDR=0.971 decoy=0.275 dupErr=2.93
  0 false_report_flood       B2_map_reduce    AP=0.1134 FDR=0.971 decoy=0.150 dupErr=2.08
  0 false_report_flood       B_long_context   AP=0.0338 FDR=0.941 decoy=0.175 dupErr=1.55
  0 false_report_flood       E_hier_lineage   AP=0.0000 FDR=1.000 decoy=0.025 dupErr=1.00
  0 rare_only                H_mycelic_full   AP=0.0121 FDR=0.976 decoy=0.200 dupErr=2.76
  0 rare_only                B2_map_reduce    AP=0.0024 FDR=0.985 decoy=0.225 dupErr=3.12
  0 rare_only                B_long_context   AP=0.0071 FDR=0.980 decoy=0.175 dupErr=1.82
  0 rare_only                E_hier_lineage   AP=0.0000 FDR=1.000 decoy=0.025 dupErr=1.00
  0 malicious_nodes_5pct     H_mycelic_full   AP=0.0159 FDR=0.975 decoy=0.200 dupErr=3.09
  0 malicious_nodes_5pct     B2_map_reduce    AP=0.0709 FDR=0.974 decoy=0.325 dupErr=2.22
  0 malicious_nodes_5pct     B_long_context   AP=0.0274 FDR=0.946 decoy=0.150 dupErr=1.45
  0 malicious_nodes_5pct     E_hier_lineage   AP=0.0000 FDR=1.000 decoy=0.025 dupErr=1.00
  0 unavailable_sites_20pct  H_mycelic_full   AP=0.0049 FDR=0.983 decoy=0.150 dupErr=1.90
  0 unavailable_sites_20pct  B2_map_reduce    AP=0.0709 FDR=0.974 decoy=0.325 dupErr=2.22
  0 unavailable_sites_20pct  B_long_context   AP=0.0274 FDR=0.946 decoy=0.150 dupErr=1.45
  0 unavailable_sites_20pct  E_hier_lineage   AP=0.0028 FDR=0.968 decoy=0.000 dupErr=1.75
  0 approx_index_bloom       H_mycelic_full   AP=0.0094 FDR=0.978 decoy=0.200 dupErr=3.20
  0 approx_index_bloom       B2_map_reduce    AP=0.0709 FDR=0.974 decoy=0.325 dupErr=2.22
  0 approx_index_bloom       B_long_context   AP=0.0274 FDR=0.946 decoy=0.150 dupErr=1.45
  0 approx_index_bloom       E_hier_lineage   AP=0.0125 FDR=0.983 decoy=0.025 dupErr=1.00
  0 extreme_imbalance        H_mycelic_full   AP=0.0303 FDR=0.975 decoy=0.225 dupErr=2.48
  0 extreme_imbalance        B2_map_reduce    AP=0.1233 FDR=0.963 decoy=0.250 dupErr=3.27
  0 extreme_imbalance        B_long_context   AP=0.0187 FDR=0.973 decoy=0.200 dupErr=1.87
  0 extreme_imbalance        E_hier_lineage   AP=0.0156 FDR=0.917 decoy=0.000 dupErr=1.67
  1 clean                    H_mycelic_full   AP=0.0496 FDR=0.980 decoy=0.200 dupErr=2.94
  1 clean                    B2_map_reduce    AP=0.0260 FDR=0.980 decoy=0.250 dupErr=3.64
  1 clean                    B_long_context   AP=0.0256 FDR=0.955 decoy=0.175 dupErr=1.94
  1 clean                    E_hier_lineage   AP=0.0000 FDR=1.000 decoy=0.025 dupErr=0.67
