=== e9 ===
    2000/0 A_flat_rag             raw=0.2529 claims=0.0000 sketch=0.000e+00 found=0.80
    2000/0 B_long_context         raw=0.6085 claims=0.0000 sketch=0.000e+00 found=0.80
    2000/0 B2_map_reduce          raw=0.0000 claims=0.8832 sketch=0.000e+00 found=0.60
    2000/0 A2_chunked_ctx         raw=0.2529 claims=0.0000 sketch=0.000e+00 found=0.80
    2000/0 B4_central_triage      raw=0.0000 claims=0.8832 sketch=0.000e+00 found=0.78
    2000/0 C_recursive_sum        raw=0.0000 claims=0.0882 sketch=0.000e+00 found=0.07
    2000/0 D_hier_nolineage       raw=0.0000 claims=0.1322 sketch=6.441e+04 found=0.12
    2000/0 E_hier_lineage         raw=0.0000 claims=0.1322 sketch=6.441e+04 found=0.20
    2000/0 F_hier_retrieval       raw=0.0000 claims=0.1322 sketch=6.441e+04 found=0.17
    2000/0 G_hier_questions       raw=0.0000 claims=0.1322 sketch=6.441e+04 found=0.65
    2000/0 H_mycelic_full         raw=0.0000 claims=0.1322 sketch=6.441e+04 found=0.72
    2000/0 I_mycelic_completion   raw=0.0000 claims=0.1322 sketch=6.441e+04 found=0.65
    2000/0 J_mycelic_verified     raw=0.0000 claims=0.1322 sketch=6.441e+04 found=0.72
    2000/0 Y_oracle_retrieval     raw=0.0000 claims=0.8832 sketch=0.000e+00 found=0.62
    2000/0 Z_random_rank          raw=0.0000 claims=0.8832 sketch=0.000e+00 found=0.60
    2000/0 Z2_naive_enumerate     raw=0.0000 claims=0.8832 sketch=0.000e+00 found=0.05
    2000/1 A_flat_rag             raw=0.2558 claims=0.0000 sketch=0.000e+00 found=0.93
    2000/1 B_long_context         raw=0.6081 claims=0.0000 sketch=0.000e+00 found=0.88
    2000/1 B2_map_reduce          raw=0.0000 claims=0.8866 sketch=0.000e+00 found=0.57
    2000/1 A2_chunked_ctx         raw=0.2558 claims=0.0000 sketch=0.000e+00 found=0.95
    2000/1 B4_central_triage      raw=0.0000 claims=0.8866 sketch=0.000e+00 found=0.82
    2000/1 C_recursive_sum        raw=0.0000 claims=0.0893 sketch=0.000e+00 found=0.05
    2000/1 D_hier_nolineage       raw=0.0000 claims=0.1331 sketch=6.443e+04 found=0.07
    2000/1 E_hier_lineage         raw=0.0000 claims=0.1331 sketch=6.443e+04 found=0.10
    2000/1 F_hier_retrieval       raw=0.0000 claims=0.1331 sketch=6.443e+04 found=0.17
    2000/1 G_hier_questions       raw=0.0000 claims=0.1331 sketch=6.443e+04 found=0.75
    2000/1 H_mycelic_full         raw=0.0000 claims=0.1331 sketch=6.443e+04 found=0.78
    2000/1 I_mycelic_completion   raw=0.0000 claims=0.1331 sketch=6.443e+04 found=0.78
    2000/1 J_mycelic_verified     raw=0.0000 claims=0.1331 sketch=6.443e+04 found=0.78
    2000/1 Y_oracle_retrieval     raw=0.0000 claims=0.8866 sketch=0.000e+00 found=0.75
    2000/1 Z_random_rank          raw=0.0000 claims=0.8866 sketch=0.000e+00 found=0.57
    2000/1 Z2_naive_enumerate     raw=0.0000 claims=0.8866 sketch=0.000e+00 found=0.00
   10000/0 A_flat_rag             raw=0.1264 claims=0.0000 sketch=0.000e+00 found=0.65
   10000/0 B_long_context         raw=0.1263 claims=0.0000 sketch=0.000e+00 found=0.40
   10000/0 B2_map_reduce          raw=0.0000 claims=0.8841 sketch=0.000e+00 found=0.28
   10000/0 A2_chunked_ctx         raw=0.2279 claims=0.0000 sketch=0.000e+00 found=0.57
   10000/0 B4_central_triage      raw=0.0000 claims=0.8841 sketch=0.000e+00 found=0.35
   10000/0 C_recursive_sum        raw=0.0000 claims=0.0919 sketch=0.000e+00 found=0.00
   10000/0 D_hier_nolineage       raw=0.0000 claims=0.1375 sketch=4.503e+05 found=0.03
   10000/0 E_hier_lineage         raw=0.0000 claims=0.1375 sketch=4.503e+05 found=0.03
   10000/0 F_hier_retrieval       raw=0.0000 claims=0.1375 sketch=4.503e+05 found=0.05
   10000/0 G_hier_questions       raw=0.0000 claims=0.1375 sketch=4.503e+05 found=0.33
   10000/0 H_mycelic_full         raw=0.0000 claims=0.1375 sketch=4.503e+05 found=0.30
   10000/0 I_mycelic_completion   raw=0.0000 claims=0.1375 sketch=4.503e+05 found=0.33
   10000/0 J_mycelic_verified     raw=0.0000 claims=0.1375 sketch=4.503e+05 found=0.30
   10000/0 Y_oracle_retrieval     raw=0.0000 claims=0.8841 sketch=0.000e+00 found=0.25
   10000/0 Z_random_rank          raw=0.0000 claims=0.8841 sketch=0.000e+00 found=0.28
   10000/0 Z2_naive_enumerate     raw=0.0000 claims=0.8841 sketch=0.000e+00 found=0.38
   10000/1 A_flat_rag             raw=0.1268 claims=0.0000 sketch=0.000e+00 found=0.65
   10000/1 B_long_context         raw=0.1268 claims=0.0000 sketch=0.000e+00 found=0.40
   10000/1 B2_map_reduce          raw=0.0000 claims=0.8828 sketch=0.000e+00 found=0.20
   10000/1 A2_chunked_ctx         raw=0.2264 claims=0.0000 sketch=0.000e+00 found=0.70
   10000/1 B4_central_triage      raw=0.0000 claims=0.8828 sketch=0.000e+00 found=0.40
   10000/1 C_recursive_sum        raw=0.0000 claims=0.0919 sketch=0.000e+00 found=0.00
   10000/1 D_hier_nolineage       raw=0.0000 claims=0.1376 sketch=4.289e+05 found=0.05
   10000/1 E_hier_lineage         raw=0.0000 claims=0.1376 sketch=4.289e+05 found=0.00
   10000/1 F_hier_retrieval       raw=0.0000 claims=0.1376 sketch=4.289e+05 found=0.07
   10000/1 G_hier_questions       raw=0.0000 claims=0.1376 sketch=4.289e+05 found=0.40
   10000/1 H_mycelic_full         raw=0.0000 claims=0.1376 sketch=4.289e+05 found=0.30
   10000/1 I_mycelic_completion   raw=0.0000 claims=0.1376 sketch=4.289e+05 found=0.35
   10000/1 J_mycelic_verified     raw=0.0000 claims=0.1376 sketch=4.289e+05 found=0.30
   10000/1 Y_oracle_retrieval     raw=0.0000 claims=0.8828 sketch=0.000e+00 found=0.25
   10000/1 Z_random_rank          raw=0.0000 claims=0.8828 sketch=0.000e+00 found=0.20
   10000/1 Z2_naive_enumerate     raw=0.0000 claims=0.8828 sketch=0.000e+00 found=0.10
   50000/0 A_flat_rag             raw=0.0254 claims=0.0000 sketch=0.000e+00 found=0.51
   50000/0 B_long_context         raw=0.0254 claims=0.0000 sketch=0.000e+00 found=0.09
   50000/0 B2_map_reduce          raw=0.0000 claims=0.8849 sketch=0.000e+00 found=0.04
   50000/0 A2_chunked_ctx         raw=0.2231 claims=0.0000 sketch=0.000e+00 found=0.69
   50000/0 B4_central_triage      raw=0.0000 claims=0.8849 sketch=0.000e+00 found=0.31
   50000/0 C_recursive_sum        raw=0.0000 claims=0.0922 sketch=0.000e+00 found=0.00
   50000/0 D_hier_nolineage       raw=0.0000 claims=0.1381 sketch=2.585e+06 found=0.00
   50000/0 E_hier_lineage         raw=0.0000 claims=0.1381 sketch=2.585e+06 found=0.01
   50000/0 F_hier_retrieval       raw=0.0000 claims=0.1381 sketch=2.585e+06 found=0.01
   50000/0 G_hier_questions       raw=0.0000 claims=0.1381 sketch=2.585e+06 found=0.40
   50000/0 H_mycelic_full         raw=0.0000 claims=0.1381 sketch=2.585e+06 found=0.39
   50000/0 I_mycelic_completion   raw=0.0000 claims=0.1381 sketch=2.585e+06 found=0.38
   50000/0 J_mycelic_verified     raw=0.0000 claims=0.1381 sketch=2.585e+06 found=0.39
   50000/0 Y_oracle_retrieval     raw=0.0000 claims=0.8849 sketch=0.000e+00 found=0.16
   50000/0 Z_random_rank          raw=0.0000 claims=0.8849 sketch=0.000e+00 found=0.04
   50000/0 Z2_naive_enumerate     raw=0.0000 claims=0.8849 sketch=0.000e+00 found=0.10
   50000/1 A_flat_rag             raw=0.0255 claims=0.0000 sketch=0.000e+00 found=0.37
   50000/1 B_long_context         raw=0.0255 claims=0.0000 sketch=0.000e+00 found=0.07
   50000/1 B2_map_reduce          raw=0.0000 claims=0.8847 sketch=0.000e+00 found=0.07
   50000/1 A2_chunked_ctx         raw=0.2234 claims=0.0000 sketch=0.000e+00 found=0.68
   50000/1 B4_central_triage      raw=0.0000 claims=0.8847 sketch=0.000e+00 found=0.34
   50000/1 C_recursive_sum        raw=0.0000 claims=0.0927 sketch=0.000e+00 found=0.00
   50000/1 D_hier_nolineage       raw=0.0000 claims=0.1389 sketch=2.617e+06 found=0.00
   50000/1 E_hier_lineage         raw=0.0000 claims=0.1389 sketch=2.617e+06 found=0.01
   50000/1 F_hier_retrieval       raw=0.0000 claims=0.1389 sketch=2.617e+06 found=0.02
   50000/1 G_hier_questions       raw=0.0000 claims=0.1389 sketch=2.617e+06 found=0.28
   50000/1 H_mycelic_full         raw=0.0000 claims=0.1389 sketch=2.617e+06 found=0.31
