=== e10 start 2026-09-22T12:07:22+00:00
=== e10 ===
   100000/0 A_flat_rag             AP=0.0107 found=0.305 cov2=0.465 rare=0.000 cu=1.41e+06 (3s)
   100000/0 B_long_context         AP=0.0003 found=0.025 cov2=0.060 rare=0.000 cu=1.11e+06 (2s)
   100000/0 B2_map_reduce          AP=0.0121 found=0.015 cov2=0.025 rare=0.000 cu=1.49e+06 (10s)
   100000/0 A2_chunked_ctx         AP=0.0752 found=0.750 cov2=1.000 rare=0.566 cu=2.03e+07 (24s)
   100000/0 E_hier_lineage         AP=0.0033 found=0.010 cov2=0.015 rare=0.000 cu=1.92e+06 (52s)
   100000/0 G_hier_questions       AP=0.0939 found=0.505 cov2=0.590 rare=0.237 cu=6.00e+06 (55s)
   100000/0 H_mycelic_full         AP=0.1017 found=0.500 cov2=0.595 rare=0.224 cu=6.20e+06 (55s)
   100000/0 J_mycelic_verified     AP=0.1093 found=0.500 cov2=0.595 rare=0.224 cu=6.21e+06 (58s)
   100000/0 Y_oracle_retrieval     AP=0.0094 found=0.405 cov2=1.000 rare=0.224 cu=4.86e+06 (34s)
   100000/1 A_flat_rag             AP=0.0061 found=0.230 cov2=0.360 rare=0.000 cu=1.40e+06 (4s)
   100000/1 B_long_context         AP=0.0055 found=0.020 cov2=0.065 rare=0.011 cu=1.11e+06 (3s)
   100000/1 B2_map_reduce          AP=0.0068 found=0.030 cov2=0.060 rare=0.022 cu=1.49e+06 (10s)
   100000/1 A2_chunked_ctx         AP=0.0535 found=0.760 cov2=1.000 rare=0.670 cu=2.04e+07 (28s)
   100000/1 E_hier_lineage         AP=0.0050 found=0.005 cov2=0.005 rare=0.000 cu=1.94e+06 (49s)
   100000/1 G_hier_questions       AP=0.0701 found=0.465 cov2=0.505 rare=0.242 cu=6.08e+06 (54s)
   100000/1 H_mycelic_full         AP=0.0703 found=0.430 cov2=0.510 rare=0.209 cu=6.20e+06 (60s)
   100000/1 J_mycelic_verified     AP=0.0732 found=0.430 cov2=0.510 rare=0.209 cu=6.21e+06 (58s)
   100000/1 Y_oracle_retrieval     AP=0.0077 found=0.425 cov2=1.000 rare=0.330 cu=4.86e+06 (33s)
   100000/2 A_flat_rag             AP=0.0127 found=0.200 cov2=0.425 rare=0.038 cu=1.41e+06 (4s)
   100000/2 B_long_context         AP=0.0002 found=0.025 cov2=0.045 rare=0.000 cu=1.11e+06 (2s)
   100000/2 B2_map_reduce          AP=0.0006 found=0.010 cov2=0.030 rare=0.000 cu=1.49e+06 (10s)
   100000/2 A2_chunked_ctx         AP=0.0778 found=0.765 cov2=1.000 rare=0.722 cu=2.03e+07 (28s)
