  seed 0 prev                     found=0.300 AP=0.0077 cov=0.625 rare=0.118 decoy=0.200 cu=1.04e+06 calls=8.66e+04 (6s)
  seed 0 prev_batched             found=0.300 AP=0.0077 cov=0.625 rare=0.118 decoy=0.200 cu=9.15e+05 calls=2.44e+04 (5s)
  seed 1 prev                     found=0.300 AP=0.0496 cov=0.625 rare=0.150 decoy=0.200 cu=1.08e+06 calls=9.03e+04 (5s)
  seed 1 prev_batched             found=0.300 AP=0.0496 cov=0.625 rare=0.150 decoy=0.200 cu=9.49e+05 calls=2.50e+04 (6s)
  seed 2 prev                     found=0.425 AP=0.0172 cov=0.775 rare=0.267 decoy=0.175 cu=1.13e+06 calls=9.91e+04 (6s)
  seed 2 prev_batched             found=0.425 AP=0.0172 cov=0.775 rare=0.267 decoy=0.175 cu=9.82e+05 calls=2.51e+04 (6s)
  seed 3 prev                     found=0.475 AP=0.0277 cov=0.725 rare=0.267 decoy=0.100 cu=1.17e+06 calls=1.01e+05 (6s)
  seed 3 prev_batched             found=0.475 AP=0.0277 cov=0.725 rare=0.267 decoy=0.100 cu=1.02e+06 calls=2.50e+04 (6s)
  seed 4 prev                     found=0.375 AP=0.0112 cov=0.700 rare=0.273 decoy=0.225 cu=1.02e+06 calls=7.87e+04 (6s)
  seed 4 prev_batched             found=0.375 AP=0.0112 cov=0.700 rare=0.273 decoy=0.225 cu=9.01e+05 calls=2.33e+04 (6s)

**prev_batched vs prev** — 5 paired seeds

| metric | base | variant | Δ | 95% CI | better on | sign p | verdict |
|---|---:|---:|---:|---|---:|---:|---|
| found | 0.3750 | 0.3750 | +0.0000 | [+0.0000, +0.0000] | 0/0 | 1.000 | same |
| AP | 0.0227 | 0.0227 | +0.0000 | [+0.0000, +0.0000] | 0/0 | 1.000 | same |
| R@100 | 0.0900 | 0.0900 | +0.0000 | [+0.0000, +0.0000] | 0/0 | 1.000 | same |
| rare recall | 0.2147 | 0.2147 | +0.0000 | [+0.0000, +0.0000] | 0/0 | 1.000 | same |
| evidence cov. | 0.6900 | 0.6900 | +0.0000 | [+0.0000, +0.0000] | 0/0 | 1.000 | same |
| FDR | 0.9747 | 0.9747 | +0.0000 | [+0.0000, +0.0000] | 0/0 | 1.000 | same |
| decoy acc. | 0.1800 | 0.1800 | +0.0000 | [+0.0000, +0.0000] | 0/0 | 1.000 | same |
| indep. acc. | 0.7330 | 0.7330 | +0.0000 | [+0.0000, +0.0000] | 0/0 | 1.000 | same |
| lineage | 0.4925 | 0.4925 | +0.0000 | [+0.0000, +0.0000] | 0/0 | 1.000 | same |
| contra F1 | 0.1911 | 0.1911 | +0.0000 | [+0.0000, +0.0000] | 0/0 | 1.000 | same |
| compute | 1.09e+06 | 9.53e+05 | -1.35e+05 | [-1.44e+05, -1.25e+05] | 5/5 | 0.062 | **better** |
| calls | 9.10e+04 | 2.46e+04 | -6.65e+04 | [-7.28e+04, -5.95e+04] | 5/5 | 0.062 | **better** |
| raw text out | 0.0000 | 0.0000 | +0.0000 | [+0.0000, +0.0000] | 0/0 | 1.000 | same |
| claims out | 0.1381 | 0.1381 | +0.0000 | [+0.0000, +0.0000] | 0/0 | 1.000 | same |
  seed 0 prev                     found=0.390 AP=0.0066 cov=0.480 rare=0.267 decoy=0.190 cu=3.01e+06 calls=2.95e+05 (27s)
  seed 0 prev_batched             found=0.390 AP=0.0066 cov=0.480 rare=0.267 decoy=0.190 cu=2.65e+06 calls=1.01e+05 (23s)
  seed 1 prev                     found=0.310 AP=0.0091 cov=0.380 rare=0.154 decoy=0.200 cu=2.94e+06 calls=2.86e+05 (31s)
  seed 1 prev_batched             found=0.310 AP=0.0091 cov=0.380 rare=0.154 decoy=0.200 cu=2.59e+06 calls=1.00e+05 (21s)
  seed 2 prev                     found=0.390 AP=0.0087 cov=0.490 rare=0.286 decoy=0.200 cu=2.96e+06 calls=2.87e+05 (28s)
  seed 2 prev_batched             found=0.390 AP=0.0087 cov=0.490 rare=0.286 decoy=0.200 cu=2.61e+06 calls=1.01e+05 (22s)

**prev_batched vs prev** — 3 paired seeds

| metric | base | variant | Δ | 95% CI | better on | sign p | verdict |
|---|---:|---:|---:|---|---:|---:|---|
| found | 0.3633 | 0.3633 | +0.0000 | [+0.0000, +0.0000] | 0/0 | 1.000 | same |
| AP | 0.0081 | 0.0081 | +0.0000 | [+0.0000, +0.0000] | 0/0 | 1.000 | same |
| R@100 | 0.0167 | 0.0167 | +0.0000 | [+0.0000, +0.0000] | 0/0 | 1.000 | same |
| rare recall | 0.2354 | 0.2354 | +0.0000 | [+0.0000, +0.0000] | 0/0 | 1.000 | same |
| evidence cov. | 0.4500 | 0.4500 | +0.0000 | [+0.0000, +0.0000] | 0/0 | 1.000 | same |
| FDR | 0.9874 | 0.9874 | +0.0000 | [+0.0000, +0.0000] | 0/0 | 1.000 | same |
| decoy acc. | 0.1967 | 0.1967 | +0.0000 | [+0.0000, +0.0000] | 0/0 | 1.000 | same |
| indep. acc. | 0.7552 | 0.7552 | +0.0000 | [+0.0000, +0.0000] | 0/0 | 1.000 | same |
| lineage | 0.5149 | 0.5149 | +0.0000 | [+0.0000, +0.0000] | 0/0 | 1.000 | same |
| contra F1 | 0.2778 | 0.2778 | +0.0000 | [+0.0000, +0.0000] | 0/0 | 1.000 | same |
| compute | 2.97e+06 | 2.61e+06 | -3.55e+05 | [-3.63e+05, -3.49e+05] | 3/3 | 0.250 | **better** |
| calls | 2.89e+05 | 1.01e+05 | -1.88e+05 | [-1.94e+05, -1.85e+05] | 3/3 | 0.250 | **better** |
| raw text out | 0.0000 | 0.0000 | +0.0000 | [+0.0000, +0.0000] | 0/0 | 1.000 | same |
| claims out | 0.1386 | 0.1386 | +0.0000 | [+0.0000, +0.0000] | 0/0 | 1.000 | same |
PREVB_DONE
