  seed 0 H_mycelic_full           found=0.300 AP=0.0077 cov=0.625 rare=0.118 cu=1.04e+06 (6s)
  seed 0 H_mycelic_full           found=0.450 AP=0.1841 cov=0.600 rare=0.176 cu=1.03e+06 (5s)
  seed 1 H_mycelic_full           found=0.300 AP=0.0496 cov=0.625 rare=0.150 cu=1.08e+06 (6s)
  seed 1 H_mycelic_full           found=0.350 AP=0.1086 cov=0.625 rare=0.150 cu=1.07e+06 (5s)
  seed 2 H_mycelic_full           found=0.425 AP=0.0172 cov=0.775 rare=0.267 cu=1.13e+06 (6s)
  seed 2 H_mycelic_full           found=0.525 AP=0.1380 cov=0.800 rare=0.467 cu=1.13e+06 (6s)
  seed 3 H_mycelic_full           found=0.475 AP=0.0277 cov=0.725 rare=0.267 cu=1.17e+06 (7s)
  seed 3 H_mycelic_full           found=0.575 AP=0.1367 cov=0.725 rare=0.200 cu=1.16e+06 (6s)
  seed 4 H_mycelic_full           found=0.375 AP=0.0112 cov=0.700 rare=0.273 cu=1.02e+06 (6s)
  seed 4 H_mycelic_full           found=0.500 AP=0.0995 cov=0.700 rare=0.273 cu=9.99e+05 (5s)

**H_mycelic_full+rk2_H vs H_mycelic_full** — 5 paired seeds

| metric | base | variant | Δ | 95% CI | better on | sign p | verdict |
|---|---:|---:|---:|---|---:|---:|---|
| found | 0.3750 | 0.4800 | +0.1050 | [+0.0750, +0.1350] | 5/5 | 0.062 | **better** |
| AP | 0.0227 | 0.1334 | +0.1107 | [+0.0790, +0.1477] | 5/5 | 0.062 | **better** |
| R@100 | 0.0900 | 0.2650 | +0.1750 | [+0.1500, +0.2050] | 5/5 | 0.062 | **better** |
| rare recall | 0.2147 | 0.2532 | +0.0384 | [-0.0282, +0.1200] | 2/3 | 1.000 | inside noise |
| evidence cov. | 0.6900 | 0.6900 | +0.0000 | [-0.0150, +0.0150] | 1/2 | 1.000 | same |
| FDR | 0.9747 | 0.9678 | -0.0069 | [-0.0089, -0.0049] | 5/5 | 0.062 | **better** |
| decoy acc. | 0.1800 | 0.2750 | +0.0950 | [+0.0600, +0.1300] | 0/5 | 0.062 | **worse** |
| indep. acc. | 0.7330 | 0.7615 | +0.0285 | [-0.0010, +0.0573] | 4/5 | 0.375 | inside noise |
| lineage | 0.4925 | 0.5309 | +0.0385 | [+0.0038, +0.0741] | 4/5 | 0.375 | **better** |
| contra F1 | 0.1911 | 0.1071 | -0.0840 | [-0.3011, +0.1254] | 2/4 | 1.000 | inside noise |
| compute | 1.09e+06 | 1.08e+06 | -1.17e+04 | [-1.79e+04, -5.11e+03] | 5/5 | 0.062 | **better** |
| calls | 9.10e+04 | 9.07e+04 | -3.22e+02 | [-5.48e+02, -1.62e+01] | 4/5 | 0.375 | **better** |
| raw text out | 0.0000 | 0.0000 | +0.0000 | [+0.0000, +0.0000] | 0/0 | 1.000 | same |
| claims out | 0.1381 | 0.1381 | +0.0000 | [+0.0000, +0.0000] | 0/0 | 1.000 | same |
  seed 0 A2_chunked_ctx           found=0.575 AP=0.0397 cov=1.000 rare=0.471 cu=2.10e+06 (1s)
  seed 0 A2_chunked_ctx           found=0.550 AP=0.2074 cov=1.000 rare=0.353 cu=2.10e+06 (2s)
  seed 1 A2_chunked_ctx           found=0.700 AP=0.1160 cov=1.000 rare=0.600 cu=2.08e+06 (2s)
  seed 1 A2_chunked_ctx           found=0.650 AP=0.1604 cov=1.000 rare=0.600 cu=2.08e+06 (2s)
  seed 2 A2_chunked_ctx           found=0.675 AP=0.0657 cov=1.000 rare=0.667 cu=2.07e+06 (2s)
  seed 2 A2_chunked_ctx           found=0.675 AP=0.1569 cov=1.000 rare=0.667 cu=2.07e+06 (2s)
  seed 3 A2_chunked_ctx           found=0.775 AP=0.0637 cov=1.000 rare=0.800 cu=2.08e+06 (2s)
  seed 3 A2_chunked_ctx           found=0.725 AP=0.1344 cov=1.000 rare=0.667 cu=2.08e+06 (2s)
  seed 4 A2_chunked_ctx           found=0.700 AP=0.0495 cov=1.000 rare=0.727 cu=2.06e+06 (2s)
  seed 4 A2_chunked_ctx           found=0.625 AP=0.3402 cov=1.000 rare=0.545 cu=2.06e+06 (2s)

**A2_chunked_ctx+rk2_A2 vs A2_chunked_ctx** — 5 paired seeds

| metric | base | variant | Δ | 95% CI | better on | sign p | verdict |
|---|---:|---:|---:|---|---:|---:|---|
| found | 0.6850 | 0.6450 | -0.0400 | [-0.0600, -0.0200] | 0/4 | 0.125 | **worse** |
| AP | 0.0669 | 0.1999 | +0.1329 | [+0.0654, +0.2168] | 5/5 | 0.062 | **better** |
| R@100 | 0.1850 | 0.3500 | +0.1650 | [+0.1050, +0.2400] | 5/5 | 0.062 | **better** |
| rare recall | 0.6529 | 0.5663 | -0.0866 | [-0.1496, -0.0235] | 0/3 | 0.250 | **worse** |
| evidence cov. | 1.0000 | 1.0000 | +0.0000 | [+0.0000, +0.0000] | 0/0 | 1.000 | same |
| FDR | 0.9539 | 0.9569 | +0.0030 | [+0.0017, +0.0043] | 0/5 | 0.062 | **worse** |
| decoy acc. | 0.3450 | 0.3800 | +0.0350 | [-0.0250, +0.0950] | 2/5 | 1.000 | inside noise |
| indep. acc. | 0.6093 | 0.6376 | +0.0283 | [-0.0014, +0.0587] | 3/5 | 1.000 | inside noise |
| lineage | 0.6263 | 0.6686 | +0.0422 | [+0.0188, +0.0690] | 5/5 | 0.062 | **better** |
| contra F1 | 0.2219 | 0.1991 | -0.0228 | [-0.0817, +0.0223] | 2/4 | 1.000 | inside noise |
| compute | 2.08e+06 | 2.08e+06 | +0.00e+00 | [+0.00e+00, +0.00e+00] | 0/0 | 1.000 | same |
| calls | 3.00e+00 | 3.00e+00 | +0.00e+00 | [+0.00e+00, +0.00e+00] | 0/0 | 1.000 | same |
| raw text out | 0.2267 | 0.2267 | +0.0000 | [+0.0000, +0.0000] | 0/0 | 1.000 | same |
| claims out | 0.0000 | 0.0000 | +0.0000 | [+0.0000, +0.0000] | 0/0 | 1.000 | same |
  seed 0 B4_central_triage        found=0.350 AP=0.0412 cov=0.975 rare=0.176 cu=3.99e+05 (2s)
  seed 0 B4_central_triage        found=0.475 AP=0.1526 cov=0.975 rare=0.176 cu=3.99e+05 (2s)
  seed 1 B4_central_triage        found=0.400 AP=0.0146 cov=0.950 rare=0.350 cu=3.98e+05 (3s)
  seed 1 B4_central_triage        found=0.525 AP=0.0755 cov=0.950 rare=0.350 cu=3.98e+05 (2s)
  seed 2 B4_central_triage        found=0.375 AP=0.0147 cov=0.975 rare=0.200 cu=3.98e+05 (3s)
  seed 2 B4_central_triage        found=0.525 AP=0.0714 cov=0.975 rare=0.200 cu=3.98e+05 (2s)
  seed 3 B4_central_triage        found=0.450 AP=0.0348 cov=1.000 rare=0.200 cu=3.98e+05 (3s)
  seed 3 B4_central_triage        found=0.650 AP=0.1822 cov=1.000 rare=0.400 cu=3.98e+05 (3s)
  seed 4 B4_central_triage        found=0.275 AP=0.0044 cov=0.950 rare=0.364 cu=3.97e+05 (3s)
  seed 4 B4_central_triage        found=0.525 AP=0.1671 cov=0.950 rare=0.273 cu=3.97e+05 (3s)

**B4_central_triage+rk2_B4 vs B4_central_triage** — 5 paired seeds

| metric | base | variant | Δ | 95% CI | better on | sign p | verdict |
|---|---:|---:|---:|---|---:|---:|---|
| found | 0.3700 | 0.5400 | +0.1700 | [+0.1300, +0.2150] | 5/5 | 0.062 | **better** |
| AP | 0.0219 | 0.1298 | +0.1078 | [+0.0702, +0.1463] | 5/5 | 0.062 | **better** |
| R@100 | 0.0800 | 0.2650 | +0.1850 | [+0.1400, +0.2400] | 5/5 | 0.062 | **better** |
| rare recall | 0.2580 | 0.2798 | +0.0218 | [-0.0545, +0.1200] | 1/2 | 1.000 | inside noise |
| evidence cov. | 0.9700 | 0.9700 | +0.0000 | [+0.0000, +0.0000] | 0/0 | 1.000 | same |
| FDR | 0.9751 | 0.9639 | -0.0112 | [-0.0142, -0.0086] | 5/5 | 0.062 | **better** |
| decoy acc. | 0.1750 | 0.2950 | +0.1200 | [+0.0850, +0.1450] | 0/5 | 0.062 | **worse** |
| indep. acc. | 0.7517 | 0.7527 | +0.0010 | [-0.0501, +0.0521] | 3/5 | 1.000 | inside noise |
| lineage | 0.4679 | 0.4832 | +0.0153 | [-0.0104, +0.0327] | 4/5 | 0.375 | inside noise |
| contra F1 | 0.1816 | 0.1335 | -0.0481 | [-0.2400, +0.1119] | 2/4 | 1.000 | inside noise |
| compute | 3.98e+05 | 3.98e+05 | +0.00e+00 | [+0.00e+00, +0.00e+00] | 0/0 | 1.000 | same |
| calls | 1.00e+04 | 1.00e+04 | +0.00e+00 | [+0.00e+00, +0.00e+00] | 0/0 | 1.000 | same |
| raw text out | 0.0000 | 0.0000 | +0.0000 | [+0.0000, +0.0000] | 0/0 | 1.000 | same |
| claims out | 0.8839 | 0.8839 | +0.0000 | [+0.0000, +0.0000] | 0/0 | 1.000 | same |
  seed 0 Y_oracle_retrieval       found=0.250 AP=0.0046 cov=1.000 rare=0.118 cu=4.88e+05 (3s)
  seed 0 Y_oracle_retrieval       found=0.400 AP=0.0299 cov=1.000 rare=0.118 cu=4.88e+05 (4s)
  seed 1 Y_oracle_retrieval       found=0.250 AP=0.0035 cov=1.000 rare=0.150 cu=4.87e+05 (4s)
  seed 1 Y_oracle_retrieval       found=0.225 AP=0.0067 cov=1.000 rare=0.000 cu=4.87e+05 (3s)
  seed 2 Y_oracle_retrieval       found=0.150 AP=0.0026 cov=1.000 rare=0.067 cu=4.87e+05 (4s)
  seed 2 Y_oracle_retrieval       found=0.300 AP=0.0156 cov=1.000 rare=0.133 cu=4.87e+05 (3s)
  seed 3 Y_oracle_retrieval       found=0.300 AP=0.0124 cov=1.000 rare=0.200 cu=4.88e+05 (4s)
  seed 3 Y_oracle_retrieval       found=0.475 AP=0.0278 cov=1.000 rare=0.267 cu=4.88e+05 (4s)
  seed 4 Y_oracle_retrieval       found=0.250 AP=0.0072 cov=1.000 rare=0.182 cu=4.86e+05 (4s)
  seed 4 Y_oracle_retrieval       found=0.400 AP=0.0251 cov=1.000 rare=0.000 cu=4.86e+05 (3s)

**Y_oracle_retrieval+rk2_Y vs Y_oracle_retrieval** — 5 paired seeds

| metric | base | variant | Δ | 95% CI | better on | sign p | verdict |
|---|---:|---:|---:|---|---:|---:|---|
| found | 0.2400 | 0.3600 | +0.1200 | [+0.0450, +0.1650] | 4/5 | 0.375 | **better** |
| AP | 0.0061 | 0.0210 | +0.0150 | [+0.0086, +0.0213] | 5/5 | 0.062 | **better** |
| R@100 | 0.0450 | 0.1350 | +0.0900 | [+0.0550, +0.1200] | 5/5 | 0.062 | **better** |
| rare recall | 0.1432 | 0.1035 | -0.0397 | [-0.1327, +0.0533] | 2/4 | 1.000 | inside noise |
| evidence cov. | 1.0000 | 1.0000 | +0.0000 | [+0.0000, +0.0000] | 0/0 | 1.000 | same |
| FDR | 0.9840 | 0.9760 | -0.0080 | [-0.0110, -0.0030] | 4/5 | 0.375 | **better** |
| decoy acc. | 0.1250 | 0.2300 | +0.1050 | [+0.0500, +0.1500] | 0/4 | 0.125 | **worse** |
| indep. acc. | 0.5612 | 0.6475 | +0.0863 | [+0.0124, +0.1602] | 4/5 | 0.375 | **better** |
| lineage | 0.4550 | 0.4653 | +0.0103 | [-0.0134, +0.0340] | 3/5 | 1.000 | inside noise |
| contra F1 | 0.1333 | 0.1571 | +0.0238 | [-0.2286, +0.3000] | 1/2 | 1.000 | inside noise |
| compute | 4.87e+05 | 4.87e+05 | +0.00e+00 | [+0.00e+00, +0.00e+00] | 0/0 | 1.000 | same |
| calls | 1.00e+04 | 1.00e+04 | +0.00e+00 | [+0.00e+00, +0.00e+00] | 0/0 | 1.000 | same |
| raw text out | 0.0000 | 0.0000 | +0.0000 | [+0.0000, +0.0000] | 0/0 | 1.000 | same |
| claims out | 0.8839 | 0.8839 | +0.0000 | [+0.0000, +0.0000] | 0/0 | 1.000 | same |
  seed 0 H_mycelic_full           found=0.450 AP=0.1841 cov=0.600 rare=0.176 cu=1.03e+06 (6s)
  seed 0 H_mycelic_full           found=0.425 AP=0.1781 cov=0.775 rare=0.059 cu=1.37e+06 (7s)
  seed 1 H_mycelic_full           found=0.350 AP=0.1086 cov=0.625 rare=0.150 cu=1.07e+06 (6s)
  seed 1 H_mycelic_full           found=0.450 AP=0.1205 cov=0.875 rare=0.250 cu=1.38e+06 (6s)
  seed 2 H_mycelic_full           found=0.525 AP=0.1380 cov=0.800 rare=0.467 cu=1.13e+06 (7s)
  seed 2 H_mycelic_full           found=0.575 AP=0.1264 cov=0.950 rare=0.400 cu=1.48e+06 (7s)
  seed 3 H_mycelic_full           found=0.575 AP=0.1367 cov=0.725 rare=0.200 cu=1.16e+06 (7s)
  seed 3 H_mycelic_full           found=0.600 AP=0.1591 cov=0.900 rare=0.400 cu=1.52e+06 (7s)
  seed 4 H_mycelic_full           found=0.500 AP=0.0995 cov=0.700 rare=0.273 cu=9.99e+05 (6s)
  seed 4 H_mycelic_full           found=0.500 AP=0.1396 cov=0.875 rare=0.182 cu=1.33e+06 (7s)

**H_mycelic_full+rk2_qf0.50 vs H_mycelic_full** — 5 paired seeds

| metric | base | variant | Δ | 95% CI | better on | sign p | verdict |
|---|---:|---:|---:|---|---:|---:|---|
| found | 0.4800 | 0.5100 | +0.0300 | [-0.0050, +0.0700] | 3/4 | 0.625 | inside noise |
| AP | 0.1334 | 0.1447 | +0.0114 | [-0.0047, +0.0274] | 3/5 | 1.000 | inside noise |
| R@100 | 0.2650 | 0.2750 | +0.0100 | [-0.0400, +0.0550] | 3/5 | 1.000 | inside noise |
| rare recall | 0.2532 | 0.2581 | +0.0050 | [-0.0968, +0.1218] | 2/5 | 1.000 | inside noise |
| evidence cov. | 0.6900 | 0.8750 | +0.1850 | [+0.1600, +0.2200] | 5/5 | 0.062 | **better** |
| FDR | 0.9678 | 0.9658 | -0.0020 | [-0.0047, +0.0004] | 3/5 | 1.000 | inside noise |
| decoy acc. | 0.2750 | 0.3000 | +0.0250 | [-0.0050, +0.0550] | 1/4 | 0.625 | inside noise |
| indep. acc. | 0.7615 | 0.7585 | -0.0030 | [-0.0103, +0.0052] | 1/5 | 0.375 | inside noise |
| lineage | 0.5309 | 0.5361 | +0.0051 | [-0.0105, +0.0208] | 3/5 | 1.000 | inside noise |
| contra F1 | 0.1071 | 0.0000 | -0.1071 | [-0.2214, +0.0000] | 0/2 | 0.500 | inside noise |
| compute | 1.08e+06 | 1.41e+06 | +3.38e+05 | [+3.21e+05, +3.55e+05] | 0/5 | 0.062 | **worse** |
| calls | 9.07e+04 | 1.33e+05 | +4.28e+04 | [+4.01e+04, +4.55e+04] | 0/5 | 0.062 | **worse** |
| raw text out | 0.0000 | 0.0000 | +0.0000 | [+0.0000, +0.0000] | 0/0 | 1.000 | same |
| claims out | 0.1381 | 0.1381 | +0.0000 | [+0.0000, +0.0000] | 0/0 | 1.000 | same |
  seed 0 H_mycelic_full           found=0.450 AP=0.1841 cov=0.600 rare=0.176 cu=1.03e+06 (6s)
  seed 0 H_mycelic_full           found=0.425 AP=0.1678 cov=0.950 rare=0.118 cu=1.58e+06 (7s)
  seed 1 H_mycelic_full           found=0.350 AP=0.1086 cov=0.625 rare=0.150 cu=1.07e+06 (6s)
  seed 1 H_mycelic_full           found=0.425 AP=0.1219 cov=0.975 rare=0.200 cu=1.58e+06 (7s)
  seed 2 H_mycelic_full           found=0.525 AP=0.1380 cov=0.800 rare=0.467 cu=1.13e+06 (7s)
  seed 2 H_mycelic_full           found=0.600 AP=0.1044 cov=0.975 rare=0.467 cu=1.70e+06 (7s)
  seed 3 H_mycelic_full           found=0.575 AP=0.1367 cov=0.725 rare=0.200 cu=1.16e+06 (7s)
  seed 3 H_mycelic_full           found=0.650 AP=0.1382 cov=1.000 rare=0.533 cu=1.76e+06 (7s)
  seed 4 H_mycelic_full           found=0.500 AP=0.0995 cov=0.700 rare=0.273 cu=9.99e+05 (6s)
  seed 4 H_mycelic_full           found=0.500 AP=0.1358 cov=0.950 rare=0.273 cu=1.53e+06 (7s)

**H_mycelic_full+rk2_qf0.65 vs H_mycelic_full** — 5 paired seeds

| metric | base | variant | Δ | 95% CI | better on | sign p | verdict |
|---|---:|---:|---:|---|---:|---:|---|
| found | 0.4800 | 0.5200 | +0.0400 | [-0.0000, +0.0750] | 3/4 | 0.625 | inside noise |
| AP | 0.1334 | 0.1336 | +0.0002 | [-0.0197, +0.0212] | 3/5 | 1.000 | inside noise |
| R@100 | 0.2650 | 0.2750 | +0.0100 | [-0.0400, +0.0600] | 2/4 | 1.000 | inside noise |
| rare recall | 0.2532 | 0.3181 | +0.0649 | [-0.0253, +0.2000] | 2/3 | 1.000 | inside noise |
| evidence cov. | 0.6900 | 0.9700 | +0.2800 | [+0.2250, +0.3350] | 5/5 | 0.062 | **better** |
| FDR | 0.9678 | 0.9652 | -0.0026 | [-0.0050, +0.0001] | 3/5 | 1.000 | inside noise |
| decoy acc. | 0.2750 | 0.3000 | +0.0250 | [-0.0150, +0.0650] | 2/5 | 1.000 | inside noise |
| indep. acc. | 0.7615 | 0.7540 | -0.0075 | [-0.0250, +0.0073] | 2/5 | 1.000 | inside noise |
| lineage | 0.5309 | 0.5442 | +0.0133 | [-0.0059, +0.0315] | 3/4 | 0.625 | inside noise |
| contra F1 | 0.1071 | 0.1299 | +0.0227 | [-0.2071, +0.2597] | 2/4 | 1.000 | inside noise |
| compute | 1.08e+06 | 1.63e+06 | +5.55e+05 | [+5.29e+05, +5.82e+05] | 0/5 | 0.062 | **worse** |
| calls | 9.07e+04 | 1.61e+05 | +7.05e+04 | [+6.58e+04, +7.53e+04] | 0/5 | 0.062 | **worse** |
| raw text out | 0.0000 | 0.0000 | +0.0000 | [+0.0000, +0.0000] | 0/0 | 1.000 | same |
| claims out | 0.1381 | 0.1381 | +0.0000 | [+0.0000, +0.0000] | 0/0 | 1.000 | same |
  seed 0 H_mycelic_full           found=0.450 AP=0.1841 cov=0.600 rare=0.176 cu=1.03e+06 (6s)
  seed 0 H_mycelic_full           found=0.425 AP=0.1455 cov=1.000 rare=0.118 cu=1.80e+06 (7s)
  seed 1 H_mycelic_full           found=0.350 AP=0.1086 cov=0.625 rare=0.150 cu=1.07e+06 (6s)
