grid {'kind': 'logistic', 'l2': 0.3, 'interactions': False, 'decoy_weight': 1.0, 'loso_objective': 66.78695652173913}
grid {'kind': 'logistic', 'l2': 0.3, 'interactions': False, 'decoy_weight': 3.0, 'loso_objective': 66.91717391304348}
grid {'kind': 'logistic', 'l2': 0.3, 'interactions': False, 'decoy_weight': 10.0, 'loso_objective': 67.00717391304349}
grid {'kind': 'logistic', 'l2': 0.3, 'interactions': True, 'decoy_weight': 1.0, 'loso_objective': 66.78933747412007}
grid {'kind': 'logistic', 'l2': 0.3, 'interactions': True, 'decoy_weight': 3.0, 'loso_objective': 67.88988095238096}
grid {'kind': 'logistic', 'l2': 0.3, 'interactions': True, 'decoy_weight': 10.0, 'loso_objective': 69.01515151515152}
grid {'kind': 'logistic', 'l2': 1.0, 'interactions': False, 'decoy_weight': 1.0, 'loso_objective': 66.78695652173913}
grid {'kind': 'logistic', 'l2': 1.0, 'interactions': False, 'decoy_weight': 3.0, 'loso_objective': 66.91717391304348}
grid {'kind': 'logistic', 'l2': 1.0, 'interactions': False, 'decoy_weight': 10.0, 'loso_objective': 67.00717391304349}
grid {'kind': 'logistic', 'l2': 1.0, 'interactions': True, 'decoy_weight': 1.0, 'loso_objective': 66.78933747412007}
grid {'kind': 'logistic', 'l2': 1.0, 'interactions': True, 'decoy_weight': 3.0, 'loso_objective': 67.88988095238096}
grid {'kind': 'logistic', 'l2': 1.0, 'interactions': True, 'decoy_weight': 10.0, 'loso_objective': 69.01515151515152}
grid {'kind': 'logistic', 'l2': 3.0, 'interactions': False, 'decoy_weight': 1.0, 'loso_objective': 66.78695652173913}
grid {'kind': 'logistic', 'l2': 3.0, 'interactions': False, 'decoy_weight': 3.0, 'loso_objective': 67.93166666666667}
grid {'kind': 'logistic', 'l2': 3.0, 'interactions': False, 'decoy_weight': 10.0, 'loso_objective': 66.98717391304348}
grid {'kind': 'logistic', 'l2': 3.0, 'interactions': True, 'decoy_weight': 1.0, 'loso_objective': 68.82332015810276}
grid {'kind': 'logistic', 'l2': 3.0, 'interactions': True, 'decoy_weight': 3.0, 'loso_objective': 68.9057142857143}
grid {'kind': 'logistic', 'l2': 3.0, 'interactions': True, 'decoy_weight': 10.0, 'loso_objective': 69.03333333333333}
grid {'kind': 'gbdt', 'decoy_weight': 1.0, 'loso_objective': 63.595}
grid {'kind': 'gbdt', 'decoy_weight': 3.0, 'loso_objective': 63.645}
stored ranker v3dw: kind logistic l2 3.0 interactions True decoy_weight 10.0 n_train 23020 (121s)
  seed 0 v3                       found=0.475 AP=0.1888 cov=0.950 rare=0.176 decoy=0.325 cu=1.32e+06 calls=2.64e+04 (7s)
  seed 0 v3dw                     found=0.425 AP=0.1024 cov=0.975 rare=0.176 decoy=0.250 cu=1.33e+06 calls=2.66e+04 (7s)
  seed 1 v3                       found=0.500 AP=0.0751 cov=0.975 rare=0.250 decoy=0.300 cu=1.36e+06 calls=2.70e+04 (8s)
  seed 1 v3dw                     found=0.475 AP=0.1765 cov=0.950 rare=0.200 decoy=0.250 cu=1.36e+06 calls=2.68e+04 (7s)
  seed 2 v3                       found=0.650 AP=0.1517 cov=0.975 rare=0.600 decoy=0.375 cu=1.39e+06 calls=2.69e+04 (9s)
  seed 2 v3dw                     found=0.550 AP=0.1669 cov=0.975 rare=0.400 decoy=0.350 cu=1.36e+06 calls=2.69e+04 (6s)
  seed 3 v3                       found=0.650 AP=0.1444 cov=1.000 rare=0.467 decoy=0.275 cu=1.43e+06 calls=2.69e+04 (8s)
  seed 3 v3dw                     found=0.700 AP=0.2527 cov=1.000 rare=0.400 decoy=0.250 cu=1.43e+06 calls=2.68e+04 (8s)
  seed 4 v3                       found=0.650 AP=0.2251 cov=0.950 rare=0.455 decoy=0.375 cu=1.30e+06 calls=2.57e+04 (8s)
  seed 4 v3dw                     found=0.475 AP=0.2264 cov=0.950 rare=0.182 decoy=0.300 cu=1.30e+06 calls=2.57e+04 (7s)

**v3dw vs v3** — 5 paired seeds

| metric | base | variant | Δ | 95% CI | better on | sign p | verdict |
|---|---:|---:|---:|---|---:|---:|---|
| found | 0.5850 | 0.5250 | -0.0600 | [-0.1250, -0.0000] | 1/5 | 0.375 | **worse** |
| AP | 0.1570 | 0.1850 | +0.0279 | [-0.0338, +0.0869] | 4/5 | 0.375 | inside noise |
| R@100 | 0.2850 | 0.2900 | +0.0050 | [-0.0550, +0.0600] | 2/4 | 1.000 | inside noise |
| rare recall | 0.3895 | 0.2717 | -0.1179 | [-0.2136, -0.0333] | 0/4 | 0.125 | **worse** |
| evidence cov. | 0.9700 | 0.9700 | +0.0000 | [-0.0150, +0.0150] | 1/2 | 1.000 | same |
| FDR | 0.9609 | 0.9649 | +0.0040 | [-0.0000, +0.0083] | 1/5 | 0.375 | inside noise |
| decoy acc. | 0.3300 | 0.2800 | -0.0500 | [-0.0700, -0.0300] | 5/5 | 0.062 | **better** |
| indep. acc. | 0.7650 | 0.7596 | -0.0054 | [-0.0222, +0.0106] | 2/5 | 1.000 | inside noise |
| lineage | 0.5246 | 0.5260 | +0.0014 | [-0.0102, +0.0125] | 3/5 | 1.000 | inside noise |
| contra F1 | 0.1602 | 0.1435 | -0.0167 | [-0.2245, +0.2006] | 3/5 | 1.000 | inside noise |
| compute | 1.36e+06 | 1.36e+06 | -4.70e+03 | [-1.76e+04, +5.08e+03] | 4/5 | 0.375 | inside noise |
| calls | 2.66e+04 | 2.66e+04 | -8.60e+00 | [-8.24e+01, +7.04e+01] | 3/5 | 1.000 | inside noise |
| raw text out | 0.0000 | 0.0000 | +0.0000 | [+0.0000, +0.0000] | 0/0 | 1.000 | same |
| claims out | 0.1381 | 0.1381 | +0.0000 | [+0.0000, +0.0000] | 0/0 | 1.000 | same |
SELDW_DONE
