=== e1b start 2026-09-21T12:27:35+00:00 ===
=== e1b ===
    2000/0 A2_chunked_ctx         AP=0.1374 found=0.80 cov2=1.00 cu=5.12e+05
    2000/0 B4_central_triage      AP=0.0789 found=0.82 cov2=0.97 cu=1.34e+05
    2000/0 I_mycelic_completion   AP=0.0686 found=0.78 cov2=0.97 cu=1.47e+06
    2000/1 A2_chunked_ctx         AP=0.2952 found=0.75 cov2=1.00 cu=5.20e+05
    2000/1 B4_central_triage      AP=0.1793 found=0.85 cov2=0.97 cu=1.32e+05
    2000/1 I_mycelic_completion   AP=0.0903 found=0.78 cov2=0.97 cu=1.48e+06
    2000/2 A2_chunked_ctx         AP=0.2426 found=0.82 cov2=1.00 cu=5.09e+05
    2000/2 B4_central_triage      AP=0.0929 found=0.75 cov2=0.93 cu=1.25e+05
    2000/2 I_mycelic_completion   AP=0.2103 found=0.78 cov2=0.95 cu=1.45e+06
    2000/3 A2_chunked_ctx         AP=0.1762 found=0.82 cov2=1.00 cu=5.08e+05
    2000/3 B4_central_triage      AP=0.1556 found=0.80 cov2=0.97 cu=1.31e+05
    2000/3 I_mycelic_completion   AP=0.1147 found=0.75 cov2=0.97 cu=1.45e+06
    2000/4 A2_chunked_ctx         AP=0.2063 found=0.88 cov2=1.00 cu=5.05e+05
    2000/4 B4_central_triage      AP=0.0320 found=0.55 cov2=0.95 cu=1.32e+05
    2000/4 I_mycelic_completion   AP=0.0609 found=0.62 cov2=1.00 cu=1.32e+06
   10000/0 A2_chunked_ctx         AP=0.0911 found=0.60 cov2=1.00 cu=2.11e+06
   10000/0 B4_central_triage      AP=0.0092 found=0.30 cov2=1.00 cu=4.59e+05
   10000/0 I_mycelic_completion   AP=0.0282 found=0.47 cov2=0.70 cu=1.86e+06
   10000/1 A2_chunked_ctx         AP=0.1362 found=0.75 cov2=1.00 cu=2.08e+06
   10000/1 B4_central_triage      AP=0.0559 found=0.28 cov2=0.93 cu=4.43e+05
   10000/1 I_mycelic_completion   AP=0.0756 found=0.33 cov2=0.57 cu=1.92e+06
   10000/2 A2_chunked_ctx         AP=0.1352 found=0.60 cov2=1.00 cu=2.06e+06
   10000/2 B4_central_triage      AP=0.0073 found=0.33 cov2=0.93 cu=4.33e+05
   10000/2 I_mycelic_completion   AP=0.0226 found=0.38 cov2=0.60 cu=2.01e+06
   10000/3 A2_chunked_ctx         AP=0.0784 found=0.72 cov2=1.00 cu=2.08e+06
   10000/3 B4_central_triage      AP=0.0466 found=0.50 cov2=0.97 cu=4.40e+05
   10000/3 I_mycelic_completion   AP=0.1660 found=0.57 cov2=0.88 cu=2.09e+06
   10000/4 A2_chunked_ctx         AP=0.0699 found=0.75 cov2=1.00 cu=2.07e+06
   10000/4 B4_central_triage      AP=0.0189 found=0.30 cov2=1.00 cu=4.61e+05
   10000/4 I_mycelic_completion   AP=0.0192 found=0.35 cov2=0.70 cu=1.75e+06
   50000/0 A2_chunked_ctx         AP=0.0389 found=0.60 cov2=1.00 cu=1.02e+07
   50000/0 B4_central_triage      AP=0.0070 found=0.38 cov2=0.82 cu=1.69e+06
   50000/0 I_mycelic_completion   AP=0.0091 found=0.35 cov2=0.42 cu=5.20e+06
   50000/1 A2_chunked_ctx         AP=0.0442 found=0.68 cov2=1.00 cu=1.02e+07
   50000/1 B4_central_triage      AP=0.0072 found=0.35 cov2=0.77 cu=1.70e+06
   50000/1 I_mycelic_completion   AP=0.0109 found=0.31 cov2=0.40 cu=5.11e+06
   50000/2 A2_chunked_ctx         AP=0.1027 found=0.74 cov2=1.00 cu=1.02e+07
   50000/2 B4_central_triage      AP=0.0169 found=0.46 cov2=0.82 cu=1.73e+06
   50000/2 I_mycelic_completion   AP=0.0198 found=0.41 cov2=0.49 cu=5.19e+06
   50000/3 A2_chunked_ctx         AP=0.0738 found=0.73 cov2=1.00 cu=1.02e+07
   50000/3 B4_central_triage      AP=0.0085 found=0.44 cov2=0.78 cu=1.73e+06
   50000/3 I_mycelic_completion   AP=0.0051 found=0.29 cov2=0.37 cu=5.07e+06
   50000/4 A2_chunked_ctx         AP=0.0483 found=0.68 cov2=1.00 cu=1.02e+07
   50000/4 B4_central_triage      AP=0.0067 found=0.34 cov2=0.77 cu=1.64e+06
   50000/4 I_mycelic_completion   AP=0.0056 found=0.30 cov2=0.36 cu=5.05e+06
=== e1b done in 398s ===
=== e1b end 2026-09-21T12:34:13+00:00 ===
=== e2 start 2026-09-21T12:34:13+00:00 ===
=== e2 ===
  0 full                     AP=0.0634 found=0.60 rare=0.412 lin=0.48 indep=0.70 cu=1.04e+06
  0 -lineage                 AP=0.0681 found=0.50 rare=0.118 lin=0.00 indep=0.64 cu=1.01e+06
  0 -independence            AP=0.0425 found=0.45 rare=0.176 lin=0.48 indep=0.71 cu=1.04e+06
  0 -contradiction           AP=0.0649 found=0.45 rare=0.235 lin=0.47 indep=0.69 cu=1.03e+06
  0 -temporal                AP=0.0271 found=0.47 rare=0.353 lin=0.48 indep=0.65 cu=1.05e+06
  0 -adaptive_routing        AP=0.0644 found=0.42 rare=0.294 lin=0.46 indep=0.65 cu=1.05e+06
  0 -questions               AP=0.0002 found=0.03 rare=0.059 lin=1.00 indep=0.79 cu=3.60e+05
  0 -question_targeting      AP=0.0642 found=0.60 rare=0.412 lin=0.50 indep=0.67 cu=1.03e+06
  0 -downward_retrieval      AP=0.0000 found=0.00 rare=0.000 lin=0.00 indep=0.00 cu=2.29e+05
  0 -cross_links             AP=0.0707 found=0.55 rare=0.353 lin=0.47 indep=0.76 cu=1.02e+06
  0 -sketch_channel          AP=0.0403 found=0.12 rare=0.235 lin=0.50 indep=0.28 cu=1.12e+06
  0 -adaptive_abstraction    AP=0.0138 found=0.35 rare=0.059 lin=0.49 indep=0.71 cu=1.05e+06
  0 -triage_prior            AP=0.0634 found=0.60 rare=0.412 lin=0.48 indep=0.70 cu=1.04e+06
  0 +evidence_verification   AP=0.0691 found=0.60 rare=0.412 lin=0.48 indep=0.70 cu=1.05e+06
  0 +source_dispersion       AP=0.0327 found=0.42 rare=0.235 lin=0.48 indep=0.75 cu=1.02e+06
  0 +chain_completion        AP=0.0467 found=0.47 rare=0.294 lin=0.49 indep=0.69 cu=1.86e+06
  0 -foreign_filter          AP=0.0296 found=0.60 rare=0.353 lin=0.50 indep=0.69 cu=1.18e+06
  0 -synthesis_restriction   AP=0.0685 found=0.55 rare=0.412 lin=0.48 indep=0.69 cu=1.04e+06
  1 full                     AP=0.0434 found=0.35 rare=0.200 lin=0.58 indep=0.78 cu=1.07e+06
  1 -lineage                 AP=0.0466 found=0.40 rare=0.050 lin=0.00 indep=0.72 cu=1.06e+06
  1 -independence            AP=0.0413 found=0.28 rare=0.100 lin=0.56 indep=0.76 cu=1.08e+06
  1 -contradiction           AP=0.0854 found=0.38 rare=0.250 lin=0.58 indep=0.77 cu=1.09e+06
  1 -temporal                AP=0.0331 found=0.30 rare=0.150 lin=0.55 indep=0.81 cu=1.09e+06
  1 -adaptive_routing        AP=0.0549 found=0.42 rare=0.200 lin=0.50 indep=0.82 cu=1.09e+06
  1 -questions               AP=0.0057 found=0.10 rare=0.000 lin=0.55 indep=0.73 cu=3.72e+05
  1 -question_targeting      AP=0.0498 found=0.42 rare=0.250 lin=0.54 indep=0.76 cu=1.07e+06
  1 -downward_retrieval      AP=0.0002 found=0.03 rare=0.000 lin=0.00 indep=0.00 cu=2.28e+05
  1 -cross_links             AP=0.0546 found=0.40 rare=0.350 lin=0.54 indep=0.76 cu=1.08e+06
  1 -sketch_channel          AP=0.0098 found=0.07 rare=0.050 lin=0.57 indep=0.69 cu=1.24e+06
  1 -adaptive_abstraction    AP=0.0407 found=0.33 rare=0.150 lin=0.55 indep=0.75 cu=1.09e+06
  1 -triage_prior            AP=0.0434 found=0.35 rare=0.200 lin=0.58 indep=0.78 cu=1.07e+06
  1 +evidence_verification   AP=0.0563 found=0.35 rare=0.200 lin=0.58 indep=0.78 cu=1.08e+06
  1 +source_dispersion       AP=0.0530 found=0.30 rare=0.200 lin=0.54 indep=0.81 cu=1.09e+06
  1 +chain_completion        AP=0.0501 found=0.33 rare=0.100 lin=0.54 indep=0.85 cu=1.91e+06
  1 -foreign_filter          AP=0.0391 found=0.30 rare=0.200 lin=0.50 indep=0.75 cu=1.21e+06
  1 -synthesis_restriction   AP=0.0442 found=0.35 rare=0.200 lin=0.58 indep=0.78 cu=1.07e+06
  2 full                     AP=0.0158 found=0.42 rare=0.200 lin=0.52 indep=0.79 cu=1.13e+06
  2 -lineage                 AP=0.0162 found=0.35 rare=0.000 lin=0.00 indep=0.84 cu=1.11e+06
  2 -independence            AP=0.0171 found=0.30 rare=0.067 lin=0.57 indep=0.81 cu=1.12e+06
  2 -contradiction           AP=0.0218 found=0.42 rare=0.067 lin=0.51 indep=0.80 cu=1.14e+06
  2 -temporal                AP=0.0124 found=0.42 rare=0.200 lin=0.51 indep=0.78 cu=1.14e+06
  2 -adaptive_routing        AP=0.0219 found=0.38 rare=0.133 lin=0.51 indep=0.80 cu=1.16e+06
  2 -questions               AP=0.0039 found=0.10 rare=0.067 lin=0.73 indep=0.87 cu=3.83e+05
  2 -question_targeting      AP=0.0231 found=0.50 rare=0.133 lin=0.55 indep=0.79 cu=1.13e+06
  2 -downward_retrieval      AP=0.0065 found=0.07 rare=0.067 lin=0.33 indep=0.71 cu=2.34e+05
  2 -cross_links             AP=0.0161 found=0.40 rare=0.133 lin=0.54 indep=0.79 cu=1.13e+06
  2 -sketch_channel          AP=0.0076 found=0.10 rare=0.067 lin=0.69 indep=0.97 cu=1.27e+06
  2 -adaptive_abstraction    AP=0.0222 found=0.40 rare=0.000 lin=0.56 indep=0.81 cu=1.14e+06
  2 -triage_prior            AP=0.0158 found=0.42 rare=0.200 lin=0.52 indep=0.79 cu=1.13e+06
  2 +evidence_verification   AP=0.0217 found=0.42 rare=0.200 lin=0.52 indep=0.79 cu=1.14e+06
